Component: ARM Compiler 5.06 update 7 (build 960) Tool: armlink [4d3601]

==============================================================================

Section Cross References

    startup_stm32f10x_md.o(RESET) refers to startup_stm32f10x_md.o(STACK) for __initial_sp
    startup_stm32f10x_md.o(RESET) refers to startup_stm32f10x_md.o(.text) for Reset_Handler
    startup_stm32f10x_md.o(RESET) refers to stm32f10x_it.o(.text) for NMI_Handler
    startup_stm32f10x_md.o(.text) refers to system_stm32f10x.o(.text) for SystemInit
    startup_stm32f10x_md.o(.text) refers to entry.o(.ARM.Collect$$$$00000000) for __main
    system_stm32f10x.o(.text) refers to system_stm32f10x.o(.data) for SystemCoreClock
    stm32f10x_adc.o(.text) refers to stm32f10x_rcc.o(.text) for RCC_APB2PeriphResetCmd
    stm32f10x_bkp.o(.text) refers to stm32f10x_rcc.o(.text) for RCC_BackupResetCmd
    stm32f10x_can.o(.text) refers to stm32f10x_rcc.o(.text) for RCC_APB1PeriphResetCmd
    stm32f10x_cec.o(.text) refers to stm32f10x_rcc.o(.text) for RCC_APB1PeriphResetCmd
    stm32f10x_dac.o(.text) refers to stm32f10x_rcc.o(.text) for RCC_APB1PeriphResetCmd
    stm32f10x_gpio.o(.text) refers to stm32f10x_rcc.o(.text) for RCC_APB2PeriphResetCmd
    stm32f10x_i2c.o(.text) refers to stm32f10x_rcc.o(.text) for RCC_APB1PeriphResetCmd
    stm32f10x_pwr.o(.text) refers to stm32f10x_rcc.o(.text) for RCC_APB1PeriphResetCmd
    stm32f10x_rcc.o(.text) refers to stm32f10x_rcc.o(.data) for APBAHBPrescTable
    stm32f10x_spi.o(.text) refers to stm32f10x_rcc.o(.text) for RCC_APB2PeriphResetCmd
    stm32f10x_tim.o(.text) refers to stm32f10x_rcc.o(.text) for RCC_APB2PeriphResetCmd
    stm32f10x_usart.o(.text) refers to stm32f10x_rcc.o(.text) for RCC_APB2PeriphResetCmd
    stm32f10x_wwdg.o(.text) refers to stm32f10x_rcc.o(.text) for RCC_APB1PeriphResetCmd
    main.o(.text) refers to misc.o(.text) for NVIC_PriorityGroupConfig
    main.o(.text) refers to delay.o(.text) for DelayInit
    main.o(.text) refers to oled_basic.o(.text) for InitGraph
    main.o(.text) refers to test.o(.text) for demo
    stm32f10x_it.o(.text) refers to delay.o(.text) for TimingDelay_Decrement
    stm32f10x_it.o(.text) refers to oled_config.o(.text) for OledTimeMsFunc
    delay.o(.text) refers to misc.o(.text) for SysTick_CLKSourceConfig
    delay.o(.text) refers to system_stm32f10x.o(.data) for SystemCoreClock
    delay.o(.text) refers to delay.o(.data) for ms_counter
    bsp_usart.o(.text) refers to misc.o(.text) for NVIC_Init
    bsp_usart.o(.text) refers to stm32f10x_rcc.o(.text) for RCC_APB2PeriphClockCmd
    bsp_usart.o(.text) refers to stm32f10x_gpio.o(.text) for GPIO_Init
    bsp_usart.o(.text) refers to stm32f10x_usart.o(.text) for USART_Init
    oled_config.o(.text) refers to oled_driver.o(.text) for I2C_Configuration
    oled_config.o(.text) refers to oled_buffer.o(.bss) for ScreenBuffer
    oled_config.o(.text) refers to oled_config.o(.data) for OledTimeMs
    oled_driver.o(.text) refers to stm32f10x_rcc.o(.text) for RCC_APB1PeriphClockCmd
    oled_driver.o(.text) refers to stm32f10x_gpio.o(.text) for GPIO_Init
    oled_driver.o(.text) refers to stm32f10x_i2c.o(.text) for I2C_DeInit
    oled_driver.o(.text) refers to oled_basic.o(.text) for WaitTimeMs
    oled_draw.o(.text) refers to oled_color.o(.text) for GetDrawColor
    oled_draw.o(.text) refers to oled_buffer.o(.text) for SetPointBuffer
    oled_draw.o(.text) refers to oled_basic.o(.text) for FillRect
    oled_draw.o(.text) refers to oled_draw.o(.data) for _pointx
    oled_draw.o(.text) refers to fflti.o(.text) for __aeabi_i2f
    oled_draw.o(.text) refers to fadd.o(.text) for __aeabi_fadd
    oled_draw.o(.text) refers to cfrcmple.o(.text) for __aeabi_cfrcmple
    oled_draw.o(.text) refers to dflti.o(.text) for __aeabi_i2d
    oled_draw.o(.text) refers to dmul.o(.text) for __aeabi_dmul
    oled_draw.o(.text) refers to dadd.o(.text) for __aeabi_dadd
    oled_draw.o(.text) refers to dfixi.o(.text) for __aeabi_d2iz
    oled_draw.o(.text) refers to oled_font.o(.text) for GetFontSize
    oled_draw.o(.text) refers to oled_font.o(.constdata) for font5x7
    oled_basic.o(.text) refers to oled_config.o(.text) for DriverInit
    oled_basic.o(.text) refers to oled_buffer.o(.text) for ClearScreenBuffer
    oled_basic.o(.text) refers to oled_color.o(.text) for GetFillColor
    oled_basic.o(.text) refers to fdiv.o(.text) for __aeabi_fdiv
    oled_basic.o(.text) refers to fadd.o(.text) for __aeabi_fadd
    oled_basic.o(.text) refers to f2d.o(.text) for __aeabi_f2d
    oled_basic.o(.text) refers to dmul.o(.text) for __aeabi_dmul
    oled_basic.o(.text) refers to d2f.o(.text) for __aeabi_d2f
    oled_basic.o(.text) refers to fflti.o(.text) for __aeabi_i2f
    oled_basic.o(.text) refers to dflti.o(.text) for __aeabi_i2d
    oled_basic.o(.text) refers to atan2.o(i.atan2) for atan2
    oled_basic.o(.text) refers to dadd.o(.text) for __aeabi_dadd
    oled_basic.o(.text) refers to cos.o(i.cos) for cos
    oled_basic.o(.text) refers to dfixi.o(.text) for __aeabi_d2iz
    oled_basic.o(.text) refers to sin.o(i.sin) for sin
    oled_basic.o(.text) refers to cfcmple.o(.text) for __aeabi_cfcmpeq
    oled_basic.o(.text) refers to ddiv.o(.text) for __aeabi_ddiv
    oled_basic.o(.text) refers to oled_basic.o(.data) for _BitTableS
    oled_basic.o(.text) refers to oled_config.o(.data) for OledTimeMs
    oled_color.o(.text) refers to oled_color.o(.data) for _Draw
    oled_buffer.o(.text) refers to oled_config.o(.text) for UpdateScreenBuffer
    oled_buffer.o(.text) refers to memseta.o(.text) for __aeabi_memset
    oled_buffer.o(.text) refers to memcpya.o(.text) for __aeabi_memcpy
    oled_buffer.o(.text) refers to oled_buffer.o(.data) for _SelectedBuffer
    oled_buffer.o(.text) refers to oled_buffer.o(.bss) for ScreenBuffer
    oled_font.o(.text) refers to oled_font.o(.data) for _TextBk
    oled_debug.o(.text) refers to oled_font.o(.text) for GetFontSize
    oled_debug.o(.text) refers to oled_draw.o(.text) for DrawChar
    oled_debug.o(.text) refers to strlen.o(.text) for strlen
    oled_debug.o(.text) refers to oled_basic.o(.text) for UpdateScreen
    oled_debug.o(.text) refers to oled_debug.o(.data) for wrap
    test.o(.text) refers to oled_basic.o(.text) for ClearScreen
    test.o(.text) refers to dflti.o(.text) for __aeabi_i2d
    test.o(.text) refers to dfltui.o(.text) for __aeabi_ui2d
    test.o(.text) refers to dmul.o(.text) for __aeabi_dmul
    test.o(.text) refers to ddiv.o(.text) for __aeabi_ddiv
    test.o(.text) refers to cos.o(i.cos) for cos
    test.o(.text) refers to dadd.o(.text) for __aeabi_dadd
    test.o(.text) refers to dfixi.o(.text) for __aeabi_d2iz
    test.o(.text) refers to sin.o(i.sin) for sin
    test.o(.text) refers to oled_draw.o(.text) for DrawLine
    test.o(.text) refers to delay.o(.text) for DelayMs
    test.o(.text) refers to oled_draw_ex_example.o(.text) for RoundClock
    test.o(.text) refers to memseta.o(.text) for __aeabi_memclr4
    test.o(.text) refers to rand.o(.text) for srand
    test.o(.text) refers to oled_color.o(.text) for SetDrawColor
    test.o(.text) refers to oled_font.o(.text) for SetFontSize
    test.o(.text) refers to oled_bmp.o(.constdata) for TempLogo
    test.o(.text) refers to fflti.o(.text) for __aeabi_i2f
    oled_draw_ex_example.o(.text) refers to oled_draw.o(.text) for GetY
    oled_draw_ex_example.o(.text) refers to oled_basic.o(.text) for GetRotateXY
    oled_draw_ex_example.o(.text) refers to fflti.o(.text) for __aeabi_i2f
    atan2.o(i.__softfp_atan2) refers (Special) to iusefp.o(.text) for __I$use$fp
    atan2.o(i.__softfp_atan2) refers to atan2.o(i.atan2) for atan2
    atan2.o(i.atan2) refers (Special) to iusefp.o(.text) for __I$use$fp
    atan2.o(i.atan2) refers to dunder.o(i.__mathlib_dbl_infnan2) for __mathlib_dbl_infnan2
    atan2.o(i.atan2) refers to atan.o(i.atan) for atan
    atan2.o(i.atan2) refers to ddiv.o(.text) for __aeabi_ddiv
    atan2.o(i.atan2) refers to dadd.o(.text) for __aeabi_dsub
    atan2.o(i.atan2) refers to cdcmple.o(.text) for __aeabi_cdcmpeq
    atan2.o(i.atan2) refers to errno.o(i.__set_errno) for __set_errno
    atan2.o(i.atan2) refers to qnan.o(.constdata) for __mathlib_zero
    atan2_x.o(i.____softfp_atan2$lsc) refers (Special) to iusefp.o(.text) for __I$use$fp
    atan2_x.o(i.____softfp_atan2$lsc) refers to atan2_x.o(i.__atan2$lsc) for __atan2$lsc
    atan2_x.o(i.__atan2$lsc) refers (Special) to iusefp.o(.text) for __I$use$fp
    atan2_x.o(i.__atan2$lsc) refers to dunder.o(i.__mathlib_dbl_infnan2) for __mathlib_dbl_infnan2
    atan2_x.o(i.__atan2$lsc) refers to atan.o(i.atan) for atan
    atan2_x.o(i.__atan2$lsc) refers to errno.o(i.__set_errno) for __set_errno
    atan2_x.o(i.__atan2$lsc) refers to ddiv.o(.text) for __aeabi_ddiv
    atan2_x.o(i.__atan2$lsc) refers to dadd.o(.text) for __aeabi_dsub
    atan2_x.o(i.__atan2$lsc) refers to cdcmple.o(.text) for __aeabi_cdcmpeq
    atan2_x.o(i.__atan2$lsc) refers to qnan.o(.constdata) for __mathlib_zero
    cos.o(i.__softfp_cos) refers (Special) to iusefp.o(.text) for __I$use$fp
    cos.o(i.__softfp_cos) refers to cos.o(i.cos) for cos
    cos.o(i.cos) refers (Special) to iusefp.o(.text) for __I$use$fp
    cos.o(i.cos) refers to errno.o(i.__set_errno) for __set_errno
    cos.o(i.cos) refers to dunder.o(i.__mathlib_dbl_invalid) for __mathlib_dbl_invalid
    cos.o(i.cos) refers to dunder.o(i.__mathlib_dbl_infnan) for __mathlib_dbl_infnan
    cos.o(i.cos) refers to rred.o(i.__ieee754_rem_pio2) for __ieee754_rem_pio2
    cos.o(i.cos) refers to sin_i.o(i.__kernel_sin) for __kernel_sin
    cos.o(i.cos) refers to cos_i.o(i.__kernel_cos) for __kernel_cos
    cos_x.o(i.____softfp_cos$lsc) refers (Special) to iusefp.o(.text) for __I$use$fp
    cos_x.o(i.____softfp_cos$lsc) refers to cos_x.o(i.__cos$lsc) for __cos$lsc
    cos_x.o(i.__cos$lsc) refers (Special) to iusefp.o(.text) for __I$use$fp
    cos_x.o(i.__cos$lsc) refers to errno.o(i.__set_errno) for __set_errno
    cos_x.o(i.__cos$lsc) refers to dunder.o(i.__mathlib_dbl_infnan) for __mathlib_dbl_infnan
    cos_x.o(i.__cos$lsc) refers to rred.o(i.__ieee754_rem_pio2) for __ieee754_rem_pio2
    cos_x.o(i.__cos$lsc) refers to sin_i.o(i.__kernel_sin) for __kernel_sin
    cos_x.o(i.__cos$lsc) refers to cos_i.o(i.__kernel_cos) for __kernel_cos
    sin.o(i.__softfp_sin) refers (Special) to iusefp.o(.text) for __I$use$fp
    sin.o(i.__softfp_sin) refers to sin.o(i.sin) for sin
    sin.o(i.sin) refers (Special) to iusefp.o(.text) for __I$use$fp
    sin.o(i.sin) refers to errno.o(i.__set_errno) for __set_errno
    sin.o(i.sin) refers to dunder.o(i.__mathlib_dbl_invalid) for __mathlib_dbl_invalid
    sin.o(i.sin) refers to dunder.o(i.__mathlib_dbl_infnan) for __mathlib_dbl_infnan
    sin.o(i.sin) refers to rred.o(i.__ieee754_rem_pio2) for __ieee754_rem_pio2
    sin.o(i.sin) refers to cos_i.o(i.__kernel_cos) for __kernel_cos
    sin.o(i.sin) refers to sin_i.o(i.__kernel_sin) for __kernel_sin
    sin_x.o(i.____softfp_sin$lsc) refers (Special) to iusefp.o(.text) for __I$use$fp
    sin_x.o(i.____softfp_sin$lsc) refers to sin_x.o(i.__sin$lsc) for __sin$lsc
    sin_x.o(i.__sin$lsc) refers (Special) to iusefp.o(.text) for __I$use$fp
    sin_x.o(i.__sin$lsc) refers to errno.o(i.__set_errno) for __set_errno
    sin_x.o(i.__sin$lsc) refers to dunder.o(i.__mathlib_dbl_infnan) for __mathlib_dbl_infnan
    sin_x.o(i.__sin$lsc) refers to rred.o(i.__ieee754_rem_pio2) for __ieee754_rem_pio2
    sin_x.o(i.__sin$lsc) refers to cos_i.o(i.__kernel_cos) for __kernel_cos
    sin_x.o(i.__sin$lsc) refers to sin_i.o(i.__kernel_sin) for __kernel_sin
    entry.o(.ARM.Collect$$$$00000000) refers (Special) to entry10a.o(.ARM.Collect$$$$0000000F) for __rt_final_cpp
    entry.o(.ARM.Collect$$$$00000000) refers (Special) to entry11a.o(.ARM.Collect$$$$00000011) for __rt_final_exit
    entry.o(.ARM.Collect$$$$00000000) refers (Special) to entry12b.o(.ARM.Collect$$$$0000000E) for __rt_lib_shutdown_fini
    entry.o(.ARM.Collect$$$$00000000) refers (Special) to entry7b.o(.ARM.Collect$$$$00000008) for _main_clock
    entry.o(.ARM.Collect$$$$00000000) refers (Special) to entry8b.o(.ARM.Collect$$$$0000000A) for _main_cpp_init
    entry.o(.ARM.Collect$$$$00000000) refers (Special) to entry9a.o(.ARM.Collect$$$$0000000B) for _main_init
    entry.o(.ARM.Collect$$$$00000000) refers (Special) to entry5.o(.ARM.Collect$$$$00000004) for _main_scatterload
    entry.o(.ARM.Collect$$$$00000000) refers (Special) to entry2.o(.ARM.Collect$$$$00000001) for _main_stk
    rand.o(.text) refers to rand.o(.data) for .data
    fadd.o(.text) refers (Special) to iusefp.o(.text) for __I$use$fp
    fadd.o(.text) refers to fepilogue.o(.text) for _float_epilogue
    fdiv.o(.text) refers (Special) to iusefp.o(.text) for __I$use$fp
    fdiv.o(.text) refers to fepilogue.o(.text) for _float_round
    dadd.o(.text) refers (Special) to iusefp.o(.text) for __I$use$fp
    dadd.o(.text) refers to llshl.o(.text) for __aeabi_llsl
    dadd.o(.text) refers to llsshr.o(.text) for __aeabi_lasr
    dadd.o(.text) refers to depilogue.o(.text) for _double_epilogue
    dmul.o(.text) refers (Special) to iusefp.o(.text) for __I$use$fp
    dmul.o(.text) refers to depilogue.o(.text) for _double_epilogue
    ddiv.o(.text) refers (Special) to iusefp.o(.text) for __I$use$fp
    ddiv.o(.text) refers to depilogue.o(.text) for _double_round
    fflti.o(.text) refers (Special) to iusefp.o(.text) for __I$use$fp
    fflti.o(.text) refers to fepilogue.o(.text) for _float_epilogue
    dflti.o(.text) refers (Special) to iusefp.o(.text) for __I$use$fp
    dflti.o(.text) refers to depilogue.o(.text) for _double_epilogue
    dfltui.o(.text) refers (Special) to iusefp.o(.text) for __I$use$fp
    dfltui.o(.text) refers to depilogue.o(.text) for _double_epilogue
    dfixi.o(.text) refers (Special) to iusefp.o(.text) for __I$use$fp
    dfixi.o(.text) refers to llushr.o(.text) for __aeabi_llsr
    f2d.o(.text) refers (Special) to iusefp.o(.text) for __I$use$fp
    d2f.o(.text) refers (Special) to iusefp.o(.text) for __I$use$fp
    d2f.o(.text) refers to fepilogue.o(.text) for _float_round
    cfcmple.o(.text) refers (Special) to iusefp.o(.text) for __I$use$fp
    cfrcmple.o(.text) refers (Special) to iusefp.o(.text) for __I$use$fp
    atan.o(i.__softfp_atan) refers (Special) to iusefp.o(.text) for __I$use$fp
    atan.o(i.__softfp_atan) refers to atan.o(i.atan) for atan
    atan.o(i.atan) refers (Special) to iusefp.o(.text) for __I$use$fp
    atan.o(i.atan) refers to dunder.o(i.__mathlib_dbl_infnan) for __mathlib_dbl_infnan
    atan.o(i.atan) refers to fpclassify.o(i.__ARM_fpclassify) for __ARM_fpclassify
    atan.o(i.atan) refers to dunder.o(i.__mathlib_dbl_underflow) for __mathlib_dbl_underflow
    atan.o(i.atan) refers to dadd.o(.text) for __aeabi_dadd
    atan.o(i.atan) refers to dscalb.o(.text) for __ARM_scalbn
    atan.o(i.atan) refers to ddiv.o(.text) for __aeabi_ddiv
    atan.o(i.atan) refers to dmul.o(.text) for __aeabi_dmul
    atan.o(i.atan) refers to poly.o(i.__kernel_poly) for __kernel_poly
    atan.o(i.atan) refers to atan.o(.constdata) for .constdata
    atan.o(.constdata) refers (Special) to iusefp.o(.text) for __I$use$fp
    atan_x.o(i.____softfp_atan$lsc) refers (Special) to iusefp.o(.text) for __I$use$fp
    atan_x.o(i.____softfp_atan$lsc) refers to atan_x.o(i.__atan$lsc) for __atan$lsc
    atan_x.o(i.__atan$lsc) refers (Special) to iusefp.o(.text) for __I$use$fp
    atan_x.o(i.__atan$lsc) refers to dunder.o(i.__mathlib_dbl_infnan) for __mathlib_dbl_infnan
    atan_x.o(i.__atan$lsc) refers to dadd.o(.text) for __aeabi_dadd
    atan_x.o(i.__atan$lsc) refers to dscalb.o(.text) for __ARM_scalbn
    atan_x.o(i.__atan$lsc) refers to ddiv.o(.text) for __aeabi_ddiv
    atan_x.o(i.__atan$lsc) refers to dmul.o(.text) for __aeabi_dmul
    atan_x.o(i.__atan$lsc) refers to poly.o(i.__kernel_poly) for __kernel_poly
    atan_x.o(i.__atan$lsc) refers to atan_x.o(.constdata) for .constdata
    atan_x.o(.constdata) refers (Special) to iusefp.o(.text) for __I$use$fp
    cos_i.o(i.__kernel_cos) refers (Special) to iusefp.o(.text) for __I$use$fp
    cos_i.o(i.__kernel_cos) refers to dfixi.o(.text) for __aeabi_d2iz
    cos_i.o(i.__kernel_cos) refers to dmul.o(.text) for __aeabi_dmul
    cos_i.o(i.__kernel_cos) refers to poly.o(i.__kernel_poly) for __kernel_poly
    cos_i.o(i.__kernel_cos) refers to dadd.o(.text) for __aeabi_dsub
    cos_i.o(i.__kernel_cos) refers to dscalb.o(.text) for __ARM_scalbn
    cos_i.o(i.__kernel_cos) refers to cos_i.o(.constdata) for .constdata
    cos_i.o(.constdata) refers (Special) to iusefp.o(.text) for __I$use$fp
    dunder.o(i.__mathlib_dbl_divzero) refers to ddiv.o(.text) for __aeabi_ddiv
    dunder.o(i.__mathlib_dbl_infnan) refers to dscalb.o(.text) for __ARM_scalbn
    dunder.o(i.__mathlib_dbl_infnan2) refers to dadd.o(.text) for __aeabi_dadd
    dunder.o(i.__mathlib_dbl_invalid) refers to ddiv.o(.text) for __aeabi_ddiv
    dunder.o(i.__mathlib_dbl_overflow) refers to dscalb.o(.text) for __ARM_scalbn
    dunder.o(i.__mathlib_dbl_posinfnan) refers to dmul.o(.text) for __aeabi_dmul
    dunder.o(i.__mathlib_dbl_underflow) refers to dscalb.o(.text) for __ARM_scalbn
    qnan.o(.constdata) refers (Special) to iusefp.o(.text) for __I$use$fp
    rred.o(i.__ieee754_rem_pio2) refers (Special) to iusefp.o(.text) for __I$use$fp
    rred.o(i.__ieee754_rem_pio2) refers to dadd.o(.text) for __aeabi_dsub
    rred.o(i.__ieee754_rem_pio2) refers to dmul.o(.text) for __aeabi_dmul
    rred.o(i.__ieee754_rem_pio2) refers to dfixi.o(.text) for __aeabi_d2iz
    rred.o(i.__ieee754_rem_pio2) refers to dflti.o(.text) for __aeabi_i2d
    rred.o(i.__ieee754_rem_pio2) refers to dfltui.o(.text) for __aeabi_ui2d
    rred.o(i.__ieee754_rem_pio2) refers to dscalb.o(.text) for __ARM_scalbn
    rred.o(i.__ieee754_rem_pio2) refers to rred.o(.constdata) for .constdata
    rred.o(i.__use_accurate_range_reduction) refers (Special) to iusefp.o(.text) for __I$use$fp
    rred.o(.constdata) refers (Special) to iusefp.o(.text) for __I$use$fp
    sin_i.o(i.__kernel_sin) refers (Special) to iusefp.o(.text) for __I$use$fp
    sin_i.o(i.__kernel_sin) refers to fpclassify.o(i.__ARM_fpclassify) for __ARM_fpclassify
    sin_i.o(i.__kernel_sin) refers to dunder.o(i.__mathlib_dbl_underflow) for __mathlib_dbl_underflow
    sin_i.o(i.__kernel_sin) refers to dmul.o(.text) for __aeabi_dmul
    sin_i.o(i.__kernel_sin) refers to poly.o(i.__kernel_poly) for __kernel_poly
    sin_i.o(i.__kernel_sin) refers to dscalb.o(.text) for __ARM_scalbn
    sin_i.o(i.__kernel_sin) refers to dadd.o(.text) for __aeabi_dsub
    sin_i.o(i.__kernel_sin) refers to sin_i.o(.constdata) for .constdata
    sin_i.o(.constdata) refers (Special) to iusefp.o(.text) for __I$use$fp
    sin_i_x.o(i.____kernel_sin$lsc) refers (Special) to iusefp.o(.text) for __I$use$fp
    sin_i_x.o(i.____kernel_sin$lsc) refers to dmul.o(.text) for __aeabi_dmul
    sin_i_x.o(i.____kernel_sin$lsc) refers to poly.o(i.__kernel_poly) for __kernel_poly
    sin_i_x.o(i.____kernel_sin$lsc) refers to dscalb.o(.text) for __ARM_scalbn
    sin_i_x.o(i.____kernel_sin$lsc) refers to dadd.o(.text) for __aeabi_dsub
    sin_i_x.o(i.____kernel_sin$lsc) refers to sin_i_x.o(.constdata) for .constdata
    sin_i_x.o(.constdata) refers (Special) to iusefp.o(.text) for __I$use$fp
    entry2.o(.ARM.Collect$$$$00000001) refers to entry2.o(.ARM.Collect$$$$00002712) for __lit__00000000
    entry2.o(.ARM.Collect$$$$00002712) refers to startup_stm32f10x_md.o(STACK) for __initial_sp
    entry2.o(__vectab_stack_and_reset_area) refers to startup_stm32f10x_md.o(STACK) for __initial_sp
    entry2.o(__vectab_stack_and_reset_area) refers to entry.o(.ARM.Collect$$$$00000000) for __main
    entry5.o(.ARM.Collect$$$$00000004) refers to init.o(.text) for __scatterload
    entry9a.o(.ARM.Collect$$$$0000000B) refers to main.o(.text) for main
    entry9b.o(.ARM.Collect$$$$0000000C) refers to main.o(.text) for main
    errno.o(i.__aeabi_errno_addr) refers to errno.o(.data) for .data
    errno.o(i.__read_errno) refers to errno.o(.data) for .data
    errno.o(i.__set_errno) refers to errno.o(.data) for .data
    depilogue.o(.text) refers to llshl.o(.text) for __aeabi_llsl
    depilogue.o(.text) refers to llushr.o(.text) for __aeabi_llsr
    fpclassify.o(i.__ARM_fpclassify) refers (Special) to iusefp.o(.text) for __I$use$fp
    poly.o(i.__kernel_poly) refers (Special) to iusefp.o(.text) for __I$use$fp
    poly.o(i.__kernel_poly) refers to dmul.o(.text) for __aeabi_dmul
    poly.o(i.__kernel_poly) refers to dadd.o(.text) for __aeabi_dadd
    init.o(.text) refers to entry5.o(.ARM.Collect$$$$00000004) for __main_after_scatterload


==============================================================================

Removing Unused input sections from the image.

    Removing startup_stm32f10x_md.o(HEAP), (512 bytes).
    Removing core_cm3.o(.emb_text), (32 bytes).
    Removing stm32f10x_adc.o(.text), (1102 bytes).
    Removing stm32f10x_bkp.o(.text), (196 bytes).
    Removing stm32f10x_can.o(.text), (2544 bytes).
    Removing stm32f10x_cec.o(.text), (288 bytes).
    Removing stm32f10x_crc.o(.text), (72 bytes).
    Removing stm32f10x_dac.o(.text), (396 bytes).
    Removing stm32f10x_dbgmcu.o(.text), (48 bytes).
    Removing stm32f10x_dma.o(.text), (596 bytes).
    Removing stm32f10x_exti.o(.text), (284 bytes).
    Removing stm32f10x_flash.o(.text), (1468 bytes).
    Removing stm32f10x_fsmc.o(.text), (1548 bytes).
    Removing stm32f10x_iwdg.o(.text), (64 bytes).
    Removing stm32f10x_pwr.o(.text), (204 bytes).
    Removing stm32f10x_rtc.o(.text), (328 bytes).
    Removing stm32f10x_sdio.o(.text), (468 bytes).
    Removing stm32f10x_spi.o(.text), (780 bytes).
    Removing stm32f10x_tim.o(.text), (3610 bytes).
    Removing stm32f10x_usart.o(.text), (1032 bytes).
    Removing stm32f10x_wwdg.o(.text), (136 bytes).
    Removing bsp_usart.o(.text), (412 bytes).
    Removing oled_debug.o(.text), (560 bytes).
    Removing oled_debug.o(.data), (9 bytes).

24 unused section(s) (total 16689 bytes) removed from the image.

==============================================================================

Image Symbol Table

    Local Symbols

    Symbol Name                              Value     Ov Type        Size  Object(Section)

    ../clib/microlib/errno.c                 0x00000000   Number         0  errno.o ABSOLUTE
    ../clib/microlib/init/entry.s            0x00000000   Number         0  entry9b.o ABSOLUTE
    ../clib/microlib/init/entry.s            0x00000000   Number         0  entry9a.o ABSOLUTE
    ../clib/microlib/init/entry.s            0x00000000   Number         0  entry8b.o ABSOLUTE
    ../clib/microlib/init/entry.s            0x00000000   Number         0  entry8a.o ABSOLUTE
    ../clib/microlib/init/entry.s            0x00000000   Number         0  entry7b.o ABSOLUTE
    ../clib/microlib/init/entry.s            0x00000000   Number         0  entry5.o ABSOLUTE
    ../clib/microlib/init/entry.s            0x00000000   Number         0  entry7a.o ABSOLUTE
    ../clib/microlib/init/entry.s            0x00000000   Number         0  entry.o ABSOLUTE
    ../clib/microlib/init/entry.s            0x00000000   Number         0  entry2.o ABSOLUTE
    ../clib/microlib/init/entry.s            0x00000000   Number         0  entry12b.o ABSOLUTE
    ../clib/microlib/init/entry.s            0x00000000   Number         0  entry12a.o ABSOLUTE
    ../clib/microlib/init/entry.s            0x00000000   Number         0  entry11b.o ABSOLUTE
    ../clib/microlib/init/entry.s            0x00000000   Number         0  entry11a.o ABSOLUTE
    ../clib/microlib/init/entry.s            0x00000000   Number         0  entry10b.o ABSOLUTE
    ../clib/microlib/init/entry.s            0x00000000   Number         0  entry10a.o ABSOLUTE
    ../clib/microlib/longlong.c              0x00000000   Number         0  llsshr.o ABSOLUTE
    ../clib/microlib/longlong.c              0x00000000   Number         0  llushr.o ABSOLUTE
    ../clib/microlib/longlong.c              0x00000000   Number         0  llshl.o ABSOLUTE
    ../clib/microlib/stdlib/rand.c           0x00000000   Number         0  rand.o ABSOLUTE
    ../clib/microlib/string/memcpy.c         0x00000000   Number         0  memcpya.o ABSOLUTE
    ../clib/microlib/string/memcpy.c         0x00000000   Number         0  memcpyb.o ABSOLUTE
    ../clib/microlib/string/memset.c         0x00000000   Number         0  memseta.o ABSOLUTE
    ../clib/microlib/string/strlen.c         0x00000000   Number         0  strlen.o ABSOLUTE
    ../clib/microlib/stubs.s                 0x00000000   Number         0  iusefp.o ABSOLUTE
    ../fplib/microlib/d2f.c                  0x00000000   Number         0  d2f.o ABSOLUTE
    ../fplib/microlib/f2d.c                  0x00000000   Number         0  f2d.o ABSOLUTE
    ../fplib/microlib/fpadd.c                0x00000000   Number         0  fadd.o ABSOLUTE
    ../fplib/microlib/fpadd.c                0x00000000   Number         0  dadd.o ABSOLUTE
    ../fplib/microlib/fpdiv.c                0x00000000   Number         0  fdiv.o ABSOLUTE
    ../fplib/microlib/fpdiv.c                0x00000000   Number         0  ddiv.o ABSOLUTE
    ../fplib/microlib/fpepilogue.c           0x00000000   Number         0  fepilogue.o ABSOLUTE
    ../fplib/microlib/fpepilogue.c           0x00000000   Number         0  depilogue.o ABSOLUTE
    ../fplib/microlib/fpfix.c                0x00000000   Number         0  dfixi.o ABSOLUTE
    ../fplib/microlib/fpflt.c                0x00000000   Number         0  dfltui.o ABSOLUTE
    ../fplib/microlib/fpflt.c                0x00000000   Number         0  dflti.o ABSOLUTE
    ../fplib/microlib/fpflt.c                0x00000000   Number         0  fflti.o ABSOLUTE
    ../fplib/microlib/fpmul.c                0x00000000   Number         0  dmul.o ABSOLUTE
    ../fplib/microlib/fpscalb.c              0x00000000   Number         0  dscalb.o ABSOLUTE
    ../mathlib/atan.c                        0x00000000   Number         0  atan.o ABSOLUTE
    ../mathlib/atan.c                        0x00000000   Number         0  atan_x.o ABSOLUTE
    ../mathlib/atan2.c                       0x00000000   Number         0  atan2.o ABSOLUTE
    ../mathlib/atan2.c                       0x00000000   Number         0  atan2_x.o ABSOLUTE
    ../mathlib/cos.c                         0x00000000   Number         0  cos_x.o ABSOLUTE
    ../mathlib/cos.c                         0x00000000   Number         0  cos.o ABSOLUTE
    ../mathlib/cos_i.c                       0x00000000   Number         0  cos_i.o ABSOLUTE
    ../mathlib/dunder.c                      0x00000000   Number         0  dunder.o ABSOLUTE
    ../mathlib/fpclassify.c                  0x00000000   Number         0  fpclassify.o ABSOLUTE
    ../mathlib/poly.c                        0x00000000   Number         0  poly.o ABSOLUTE
    ../mathlib/qnan.c                        0x00000000   Number         0  qnan.o ABSOLUTE
    ../mathlib/rred.c                        0x00000000   Number         0  rred.o ABSOLUTE
    ../mathlib/sin.c                         0x00000000   Number         0  sin.o ABSOLUTE
    ../mathlib/sin.c                         0x00000000   Number         0  sin_x.o ABSOLUTE
    ../mathlib/sin_i.c                       0x00000000   Number         0  sin_i.o ABSOLUTE
    ../mathlib/sin_i.c                       0x00000000   Number         0  sin_i_x.o ABSOLUTE
    ..\..\Libraries\CMSIS\core_cm3.c         0x00000000   Number         0  core_cm3.o ABSOLUTE
    ..\..\Libraries\CMSIS\startup\startup_stm32f10x_md.s 0x00000000   Number         0  startup_stm32f10x_md.o ABSOLUTE
    ..\..\Libraries\CMSIS\system_stm32f10x.c 0x00000000   Number         0  system_stm32f10x.o ABSOLUTE
    ..\..\Libraries\src\misc.c               0x00000000   Number         0  misc.o ABSOLUTE
    ..\..\Libraries\src\stm32f10x_adc.c      0x00000000   Number         0  stm32f10x_adc.o ABSOLUTE
    ..\..\Libraries\src\stm32f10x_bkp.c      0x00000000   Number         0  stm32f10x_bkp.o ABSOLUTE
    ..\..\Libraries\src\stm32f10x_can.c      0x00000000   Number         0  stm32f10x_can.o ABSOLUTE
    ..\..\Libraries\src\stm32f10x_cec.c      0x00000000   Number         0  stm32f10x_cec.o ABSOLUTE
    ..\..\Libraries\src\stm32f10x_crc.c      0x00000000   Number         0  stm32f10x_crc.o ABSOLUTE
    ..\..\Libraries\src\stm32f10x_dac.c      0x00000000   Number         0  stm32f10x_dac.o ABSOLUTE
    ..\..\Libraries\src\stm32f10x_dbgmcu.c   0x00000000   Number         0  stm32f10x_dbgmcu.o ABSOLUTE
    ..\..\Libraries\src\stm32f10x_dma.c      0x00000000   Number         0  stm32f10x_dma.o ABSOLUTE
    ..\..\Libraries\src\stm32f10x_exti.c     0x00000000   Number         0  stm32f10x_exti.o ABSOLUTE
    ..\..\Libraries\src\stm32f10x_flash.c    0x00000000   Number         0  stm32f10x_flash.o ABSOLUTE
    ..\..\Libraries\src\stm32f10x_fsmc.c     0x00000000   Number         0  stm32f10x_fsmc.o ABSOLUTE
    ..\..\Libraries\src\stm32f10x_gpio.c     0x00000000   Number         0  stm32f10x_gpio.o ABSOLUTE
    ..\..\Libraries\src\stm32f10x_i2c.c      0x00000000   Number         0  stm32f10x_i2c.o ABSOLUTE
    ..\..\Libraries\src\stm32f10x_iwdg.c     0x00000000   Number         0  stm32f10x_iwdg.o ABSOLUTE
    ..\..\Libraries\src\stm32f10x_pwr.c      0x00000000   Number         0  stm32f10x_pwr.o ABSOLUTE
    ..\..\Libraries\src\stm32f10x_rcc.c      0x00000000   Number         0  stm32f10x_rcc.o ABSOLUTE
    ..\..\Libraries\src\stm32f10x_rtc.c      0x00000000   Number         0  stm32f10x_rtc.o ABSOLUTE
    ..\..\Libraries\src\stm32f10x_sdio.c     0x00000000   Number         0  stm32f10x_sdio.o ABSOLUTE
    ..\..\Libraries\src\stm32f10x_spi.c      0x00000000   Number         0  stm32f10x_spi.o ABSOLUTE
    ..\..\Libraries\src\stm32f10x_tim.c      0x00000000   Number         0  stm32f10x_tim.o ABSOLUTE
    ..\..\Libraries\src\stm32f10x_usart.c    0x00000000   Number         0  stm32f10x_usart.o ABSOLUTE
    ..\..\Libraries\src\stm32f10x_wwdg.c     0x00000000   Number         0  stm32f10x_wwdg.o ABSOLUTE
    ..\..\User\bsp_usart.c                   0x00000000   Number         0  bsp_usart.o ABSOLUTE
    ..\..\User\delay.c                       0x00000000   Number         0  delay.o ABSOLUTE
    ..\..\User\main.c                        0x00000000   Number         0  main.o ABSOLUTE
    ..\..\User\stm32f10x_it.c                0x00000000   Number         0  stm32f10x_it.o ABSOLUTE
    ..\..\example\oled_draw_ex_example.c     0x00000000   Number         0  oled_draw_ex_example.o ABSOLUTE
    ..\..\example\physical.c                 0x00000000   Number         0  physical.o ABSOLUTE
    ..\..\example\test.c                     0x00000000   Number         0  test.o ABSOLUTE
    ..\..\oledlib\oled_basic.c               0x00000000   Number         0  oled_basic.o ABSOLUTE
    ..\..\oledlib\oled_bmp.c                 0x00000000   Number         0  oled_bmp.o ABSOLUTE
    ..\..\oledlib\oled_buffer.c              0x00000000   Number         0  oled_buffer.o ABSOLUTE
    ..\..\oledlib\oled_color.c               0x00000000   Number         0  oled_color.o ABSOLUTE
    ..\..\oledlib\oled_config.c              0x00000000   Number         0  oled_config.o ABSOLUTE
    ..\..\oledlib\oled_debug.c               0x00000000   Number         0  oled_debug.o ABSOLUTE
    ..\..\oledlib\oled_draw.c                0x00000000   Number         0  oled_draw.o ABSOLUTE
    ..\..\oledlib\oled_driver.c              0x00000000   Number         0  oled_driver.o ABSOLUTE
    ..\..\oledlib\oled_font.c                0x00000000   Number         0  oled_font.o ABSOLUTE
    ..\\..\\Libraries\\CMSIS\\core_cm3.c     0x00000000   Number         0  core_cm3.o ABSOLUTE
    cdcmple.s                                0x00000000   Number         0  cdcmple.o ABSOLUTE
    cfcmple.s                                0x00000000   Number         0  cfcmple.o ABSOLUTE
    cfrcmple.s                               0x00000000   Number         0  cfrcmple.o ABSOLUTE
    dc.s                                     0x00000000   Number         0  dc.o ABSOLUTE
    handlers.s                               0x00000000   Number         0  handlers.o ABSOLUTE
    init.s                                   0x00000000   Number         0  init.o ABSOLUTE
    RESET                                    0x08000000   Section      236  startup_stm32f10x_md.o(RESET)
    .ARM.Collect$$$$00000000                 0x080000ec   Section        0  entry.o(.ARM.Collect$$$$00000000)
    .ARM.Collect$$$$00000001                 0x080000ec   Section        4  entry2.o(.ARM.Collect$$$$00000001)
    .ARM.Collect$$$$00000004                 0x080000f0   Section        4  entry5.o(.ARM.Collect$$$$00000004)
    .ARM.Collect$$$$00000008                 0x080000f4   Section        0  entry7b.o(.ARM.Collect$$$$00000008)
    .ARM.Collect$$$$0000000A                 0x080000f4   Section        0  entry8b.o(.ARM.Collect$$$$0000000A)
    .ARM.Collect$$$$0000000B                 0x080000f4   Section        8  entry9a.o(.ARM.Collect$$$$0000000B)
    .ARM.Collect$$$$0000000E                 0x080000fc   Section        4  entry12b.o(.ARM.Collect$$$$0000000E)
    .ARM.Collect$$$$0000000F                 0x08000100   Section        0  entry10a.o(.ARM.Collect$$$$0000000F)
    .ARM.Collect$$$$00000011                 0x08000100   Section        0  entry11a.o(.ARM.Collect$$$$00000011)
    .ARM.Collect$$$$00002712                 0x08000100   Section        4  entry2.o(.ARM.Collect$$$$00002712)
    __lit__00000000                          0x08000100   Data           4  entry2.o(.ARM.Collect$$$$00002712)
    .text                                    0x08000104   Section       36  startup_stm32f10x_md.o(.text)
    .text                                    0x08000128   Section        0  system_stm32f10x.o(.text)
    SetSysClockTo72                          0x08000129   Thumb Code   214  system_stm32f10x.o(.text)
    SetSysClock                              0x080001ff   Thumb Code     8  system_stm32f10x.o(.text)
    .text                                    0x08000308   Section        0  misc.o(.text)
    .text                                    0x080003e4   Section        0  stm32f10x_gpio.o(.text)
    .text                                    0x08000740   Section        0  stm32f10x_i2c.o(.text)
    .text                                    0x08000b44   Section        0  stm32f10x_rcc.o(.text)
    .text                                    0x08000ee8   Section        0  main.o(.text)
    .text                                    0x08000f00   Section        0  stm32f10x_it.o(.text)
    .text                                    0x08000f28   Section        0  delay.o(.text)
    .text                                    0x08000fe8   Section        0  oled_config.o(.text)
    .text                                    0x08001028   Section        0  oled_driver.o(.text)
    .text                                    0x080012fc   Section        0  oled_draw.o(.text)
    .text                                    0x08002494   Section        0  oled_basic.o(.text)
    Rotate                                   0x08002755   Thumb Code   388  oled_basic.o(.text)
    .text                                    0x08002b60   Section        0  oled_color.o(.text)
    .text                                    0x08002b80   Section        0  oled_buffer.o(.text)
    .text                                    0x08002df0   Section        0  oled_font.o(.text)
    .text                                    0x08002e14   Section        0  test.o(.text)
    .text                                    0x080037cc   Section        0  oled_draw_ex_example.o(.text)
    .text                                    0x080039ac   Section        0  rand.o(.text)
    .text                                    0x080039d0   Section        0  memcpya.o(.text)
    .text                                    0x080039f4   Section        0  memseta.o(.text)
    .text                                    0x08003a18   Section        0  fadd.o(.text)
    .text                                    0x08003ac8   Section        0  fdiv.o(.text)
    .text                                    0x08003b44   Section        0  dadd.o(.text)
    .text                                    0x08003c92   Section        0  dmul.o(.text)
    .text                                    0x08003d76   Section        0  ddiv.o(.text)
    .text                                    0x08003e54   Section        0  fflti.o(.text)
    .text                                    0x08003e66   Section        0  dflti.o(.text)
    .text                                    0x08003e88   Section        0  dfltui.o(.text)
    .text                                    0x08003ea2   Section        0  dfixi.o(.text)
    .text                                    0x08003ee0   Section        0  f2d.o(.text)
    .text                                    0x08003f06   Section        0  d2f.o(.text)
    .text                                    0x08003f40   Section       20  cfcmple.o(.text)
    .text                                    0x08003f54   Section       20  cfrcmple.o(.text)
    .text                                    0x08003f68   Section        0  llshl.o(.text)
    .text                                    0x08003f86   Section        0  llushr.o(.text)
    .text                                    0x08003fa6   Section        0  llsshr.o(.text)
    .text                                    0x08003fca   Section        0  iusefp.o(.text)
    .text                                    0x08003fca   Section        0  fepilogue.o(.text)
    .text                                    0x08004038   Section        0  depilogue.o(.text)
    .text                                    0x080040f4   Section       48  cdcmple.o(.text)
    .text                                    0x08004124   Section       36  init.o(.text)
    .text                                    0x08004148   Section        0  dscalb.o(.text)
    i.__ARM_fpclassify                       0x08004176   Section        0  fpclassify.o(i.__ARM_fpclassify)
    i.__ieee754_rem_pio2                     0x080041a0   Section        0  rred.o(i.__ieee754_rem_pio2)
    i.__kernel_cos                           0x08004528   Section        0  cos_i.o(i.__kernel_cos)
    i.__kernel_poly                          0x08004624   Section        0  poly.o(i.__kernel_poly)
    i.__kernel_sin                           0x080046d0   Section        0  sin_i.o(i.__kernel_sin)
    i.__mathlib_dbl_infnan                   0x080047bc   Section        0  dunder.o(i.__mathlib_dbl_infnan)
    i.__mathlib_dbl_infnan2                  0x080047c2   Section        0  dunder.o(i.__mathlib_dbl_infnan2)
    i.__mathlib_dbl_invalid                  0x080047c6   Section        0  dunder.o(i.__mathlib_dbl_invalid)
    i.__mathlib_dbl_underflow                0x080047d4   Section        0  dunder.o(i.__mathlib_dbl_underflow)
    i.__scatterload_copy                     0x080047e4   Section       14  handlers.o(i.__scatterload_copy)
    i.__scatterload_null                     0x080047f2   Section        2  handlers.o(i.__scatterload_null)
    i.__scatterload_zeroinit                 0x080047f4   Section       14  handlers.o(i.__scatterload_zeroinit)
    i.__set_errno                            0x08004804   Section        0  errno.o(i.__set_errno)
    i.atan                                   0x08004810   Section        0  atan.o(i.atan)
    i.atan2                                  0x08004a30   Section        0  atan2.o(i.atan2)
    i.cos                                    0x08004bcc   Section        0  cos.o(i.cos)
    i.sin                                    0x08004c68   Section        0  sin.o(i.sin)
    .constdata                               0x08004d08   Section     3352  oled_font.o(.constdata)
    .constdata                               0x08005a20   Section     2336  oled_bmp.o(.constdata)
    .constdata                               0x08006340   Section      152  atan.o(.constdata)
    atanhi                                   0x08006340   Data          32  atan.o(.constdata)
    atanlo                                   0x08006360   Data          32  atan.o(.constdata)
    aTodd                                    0x08006380   Data          40  atan.o(.constdata)
    aTeven                                   0x080063a8   Data          48  atan.o(.constdata)
    .constdata                               0x080063d8   Section       48  cos_i.o(.constdata)
    C                                        0x080063d8   Data          48  cos_i.o(.constdata)
    .constdata                               0x08006408   Section        8  qnan.o(.constdata)
    .constdata                               0x08006410   Section      200  rred.o(.constdata)
    pio2s                                    0x08006410   Data          48  rred.o(.constdata)
    twooverpi                                0x08006440   Data         152  rred.o(.constdata)
    .constdata                               0x080064d8   Section       40  sin_i.o(.constdata)
    S                                        0x080064d8   Data          40  sin_i.o(.constdata)
    .data                                    0x20000000   Section       20  system_stm32f10x.o(.data)
    .data                                    0x20000014   Section       20  stm32f10x_rcc.o(.data)
    APBAHBPrescTable                         0x20000014   Data          16  stm32f10x_rcc.o(.data)
    ADCPrescTable                            0x20000024   Data           4  stm32f10x_rcc.o(.data)
    .data                                    0x20000028   Section        4  delay.o(.data)
    ms_counter                               0x20000028   Data           4  delay.o(.data)
    .data                                    0x2000002c   Section        4  oled_config.o(.data)
    .data                                    0x20000030   Section        8  oled_draw.o(.data)
    _pointx                                  0x20000030   Data           4  oled_draw.o(.data)
    _pointy                                  0x20000034   Data           4  oled_draw.o(.data)
    .data                                    0x20000038   Section       24  oled_basic.o(.data)
    _BitTableS                               0x20000048   Data           8  oled_basic.o(.data)
    .data                                    0x20000050   Section        2  oled_color.o(.data)
    _Draw                                    0x20000050   Data           1  oled_color.o(.data)
    _fill                                    0x20000051   Data           1  oled_color.o(.data)
    .data                                    0x20000052   Section        1  oled_buffer.o(.data)
    _SelectedBuffer                          0x20000052   Data           1  oled_buffer.o(.data)
    .data                                    0x20000053   Section        2  oled_font.o(.data)
    _TextBk                                  0x20000053   Data           1  oled_font.o(.data)
    _FontSize                                0x20000054   Data           1  oled_font.o(.data)
    .data                                    0x20000058   Section        4  rand.o(.data)
    _rand_state                              0x20000058   Data           4  rand.o(.data)
    .data                                    0x2000005c   Section        4  errno.o(.data)
    _errno                                   0x2000005c   Data           4  errno.o(.data)
    .bss                                     0x20000060   Section     2048  oled_buffer.o(.bss)
    STACK                                    0x20000860   Section     1024  startup_stm32f10x_md.o(STACK)

    Global Symbols

    Symbol Name                              Value     Ov Type        Size  Object(Section)

    BuildAttributes$$THM_ISAv4$P$D$K$B$S$PE$A:L22UL41UL21$X:L11$S22US41US21$IEEE1$IW$USESV6$~STKCKD$USESV7$~SHL$OTIME$ROPI$IEEEX$EBA8$MICROLIB$REQ8$PRES8$EABIv2 0x00000000   Number         0  anon$$obj.o ABSOLUTE
    __ARM_use_no_argv                        0x00000000   Number         0  main.o ABSOLUTE
    __arm_fini_                               - Undefined Weak Reference
    __cpp_initialize__aeabi_                  - Undefined Weak Reference
    __cxa_finalize                            - Undefined Weak Reference
    __decompress                              - Undefined Weak Reference
    _clock_init                               - Undefined Weak Reference
    _microlib_exit                            - Undefined Weak Reference
    __Vectors_Size                           0x000000ec   Number         0  startup_stm32f10x_md.o ABSOLUTE
    __Vectors                                0x08000000   Data           4  startup_stm32f10x_md.o(RESET)
    __Vectors_End                            0x080000ec   Data           0  startup_stm32f10x_md.o(RESET)
    __main                                   0x080000ed   Thumb Code     0  entry.o(.ARM.Collect$$$$00000000)
    _main_stk                                0x080000ed   Thumb Code     0  entry2.o(.ARM.Collect$$$$00000001)
    _main_scatterload                        0x080000f1   Thumb Code     0  entry5.o(.ARM.Collect$$$$00000004)
    __main_after_scatterload                 0x080000f5   Thumb Code     0  entry5.o(.ARM.Collect$$$$00000004)
    _main_clock                              0x080000f5   Thumb Code     0  entry7b.o(.ARM.Collect$$$$00000008)
    _main_cpp_init                           0x080000f5   Thumb Code     0  entry8b.o(.ARM.Collect$$$$0000000A)
    _main_init                               0x080000f5   Thumb Code     0  entry9a.o(.ARM.Collect$$$$0000000B)
    __rt_lib_shutdown_fini                   0x080000fd   Thumb Code     0  entry12b.o(.ARM.Collect$$$$0000000E)
    __rt_final_cpp                           0x08000101   Thumb Code     0  entry10a.o(.ARM.Collect$$$$0000000F)
    __rt_final_exit                          0x08000101   Thumb Code     0  entry11a.o(.ARM.Collect$$$$00000011)
    Reset_Handler                            0x08000105   Thumb Code     8  startup_stm32f10x_md.o(.text)
    ADC1_2_IRQHandler                        0x0800011f   Thumb Code     0  startup_stm32f10x_md.o(.text)
    CAN1_RX1_IRQHandler                      0x0800011f   Thumb Code     0  startup_stm32f10x_md.o(.text)
    CAN1_SCE_IRQHandler                      0x0800011f   Thumb Code     0  startup_stm32f10x_md.o(.text)
    DMA1_Channel1_IRQHandler                 0x0800011f   Thumb Code     0  startup_stm32f10x_md.o(.text)
    DMA1_Channel2_IRQHandler                 0x0800011f   Thumb Code     0  startup_stm32f10x_md.o(.text)
    DMA1_Channel3_IRQHandler                 0x0800011f   Thumb Code     0  startup_stm32f10x_md.o(.text)
    DMA1_Channel4_IRQHandler                 0x0800011f   Thumb Code     0  startup_stm32f10x_md.o(.text)
    DMA1_Channel5_IRQHandler                 0x0800011f   Thumb Code     0  startup_stm32f10x_md.o(.text)
    DMA1_Channel6_IRQHandler                 0x0800011f   Thumb Code     0  startup_stm32f10x_md.o(.text)
    DMA1_Channel7_IRQHandler                 0x0800011f   Thumb Code     0  startup_stm32f10x_md.o(.text)
    EXTI0_IRQHandler                         0x0800011f   Thumb Code     0  startup_stm32f10x_md.o(.text)
    EXTI15_10_IRQHandler                     0x0800011f   Thumb Code     0  startup_stm32f10x_md.o(.text)
    EXTI1_IRQHandler                         0x0800011f   Thumb Code     0  startup_stm32f10x_md.o(.text)
    EXTI2_IRQHandler                         0x0800011f   Thumb Code     0  startup_stm32f10x_md.o(.text)
    EXTI3_IRQHandler                         0x0800011f   Thumb Code     0  startup_stm32f10x_md.o(.text)
    EXTI4_IRQHandler                         0x0800011f   Thumb Code     0  startup_stm32f10x_md.o(.text)
    EXTI9_5_IRQHandler                       0x0800011f   Thumb Code     0  startup_stm32f10x_md.o(.text)
    FLASH_IRQHandler                         0x0800011f   Thumb Code     0  startup_stm32f10x_md.o(.text)
    I2C1_ER_IRQHandler                       0x0800011f   Thumb Code     0  startup_stm32f10x_md.o(.text)
    I2C1_EV_IRQHandler                       0x0800011f   Thumb Code     0  startup_stm32f10x_md.o(.text)
    I2C2_ER_IRQHandler                       0x0800011f   Thumb Code     0  startup_stm32f10x_md.o(.text)
    I2C2_EV_IRQHandler                       0x0800011f   Thumb Code     0  startup_stm32f10x_md.o(.text)
    PVD_IRQHandler                           0x0800011f   Thumb Code     0  startup_stm32f10x_md.o(.text)
    RCC_IRQHandler                           0x0800011f   Thumb Code     0  startup_stm32f10x_md.o(.text)
    RTCAlarm_IRQHandler                      0x0800011f   Thumb Code     0  startup_stm32f10x_md.o(.text)
    RTC_IRQHandler                           0x0800011f   Thumb Code     0  startup_stm32f10x_md.o(.text)
    SPI1_IRQHandler                          0x0800011f   Thumb Code     0  startup_stm32f10x_md.o(.text)
    SPI2_IRQHandler                          0x0800011f   Thumb Code     0  startup_stm32f10x_md.o(.text)
    TAMPER_IRQHandler                        0x0800011f   Thumb Code     0  startup_stm32f10x_md.o(.text)
    TIM1_BRK_IRQHandler                      0x0800011f   Thumb Code     0  startup_stm32f10x_md.o(.text)
    TIM1_CC_IRQHandler                       0x0800011f   Thumb Code     0  startup_stm32f10x_md.o(.text)
    TIM1_TRG_COM_IRQHandler                  0x0800011f   Thumb Code     0  startup_stm32f10x_md.o(.text)
    TIM1_UP_IRQHandler                       0x0800011f   Thumb Code     0  startup_stm32f10x_md.o(.text)
    TIM2_IRQHandler                          0x0800011f   Thumb Code     0  startup_stm32f10x_md.o(.text)
    TIM3_IRQHandler                          0x0800011f   Thumb Code     0  startup_stm32f10x_md.o(.text)
    TIM4_IRQHandler                          0x0800011f   Thumb Code     0  startup_stm32f10x_md.o(.text)
    USART2_IRQHandler                        0x0800011f   Thumb Code     0  startup_stm32f10x_md.o(.text)
    USART3_IRQHandler                        0x0800011f   Thumb Code     0  startup_stm32f10x_md.o(.text)
    USBWakeUp_IRQHandler                     0x0800011f   Thumb Code     0  startup_stm32f10x_md.o(.text)
    USB_HP_CAN1_TX_IRQHandler                0x0800011f   Thumb Code     0  startup_stm32f10x_md.o(.text)
    USB_LP_CAN1_RX0_IRQHandler               0x0800011f   Thumb Code     0  startup_stm32f10x_md.o(.text)
    WWDG_IRQHandler                          0x0800011f   Thumb Code     0  startup_stm32f10x_md.o(.text)
    SystemInit                               0x08000207   Thumb Code    78  system_stm32f10x.o(.text)
    SystemCoreClockUpdate                    0x08000255   Thumb Code   142  system_stm32f10x.o(.text)
    NVIC_PriorityGroupConfig                 0x08000309   Thumb Code    10  misc.o(.text)
    NVIC_Init                                0x08000313   Thumb Code   100  misc.o(.text)
    NVIC_SetVectorTable                      0x08000377   Thumb Code    14  misc.o(.text)
    NVIC_SystemLPConfig                      0x08000385   Thumb Code    34  misc.o(.text)
    SysTick_CLKSourceConfig                  0x080003a7   Thumb Code    40  misc.o(.text)
    GPIO_DeInit                              0x080003e5   Thumb Code   172  stm32f10x_gpio.o(.text)
    GPIO_AFIODeInit                          0x08000491   Thumb Code    20  stm32f10x_gpio.o(.text)
    GPIO_Init                                0x080004a5   Thumb Code   278  stm32f10x_gpio.o(.text)
    GPIO_StructInit                          0x080005bb   Thumb Code    16  stm32f10x_gpio.o(.text)
    GPIO_ReadInputDataBit                    0x080005cb   Thumb Code    18  stm32f10x_gpio.o(.text)
    GPIO_ReadInputData                       0x080005dd   Thumb Code     8  stm32f10x_gpio.o(.text)
    GPIO_ReadOutputDataBit                   0x080005e5   Thumb Code    18  stm32f10x_gpio.o(.text)
    GPIO_ReadOutputData                      0x080005f7   Thumb Code     8  stm32f10x_gpio.o(.text)
    GPIO_SetBits                             0x080005ff   Thumb Code     4  stm32f10x_gpio.o(.text)
    GPIO_ResetBits                           0x08000603   Thumb Code     4  stm32f10x_gpio.o(.text)
    GPIO_WriteBit                            0x08000607   Thumb Code    10  stm32f10x_gpio.o(.text)
    GPIO_Write                               0x08000611   Thumb Code     4  stm32f10x_gpio.o(.text)
    GPIO_PinLockConfig                       0x08000615   Thumb Code    18  stm32f10x_gpio.o(.text)
    GPIO_EventOutputConfig                   0x08000627   Thumb Code    26  stm32f10x_gpio.o(.text)
    GPIO_EventOutputCmd                      0x08000641   Thumb Code     6  stm32f10x_gpio.o(.text)
    GPIO_PinRemapConfig                      0x08000647   Thumb Code   138  stm32f10x_gpio.o(.text)
    GPIO_EXTILineConfig                      0x080006d1   Thumb Code    66  stm32f10x_gpio.o(.text)
    GPIO_ETH_MediaInterfaceConfig            0x08000713   Thumb Code     8  stm32f10x_gpio.o(.text)
    I2C_DeInit                               0x08000741   Thumb Code    50  stm32f10x_i2c.o(.text)
    I2C_Init                                 0x08000773   Thumb Code   222  stm32f10x_i2c.o(.text)
    I2C_StructInit                           0x08000851   Thumb Code    30  stm32f10x_i2c.o(.text)
    I2C_Cmd                                  0x0800086f   Thumb Code    24  stm32f10x_i2c.o(.text)
    I2C_DMACmd                               0x08000887   Thumb Code    24  stm32f10x_i2c.o(.text)
    I2C_DMALastTransferCmd                   0x0800089f   Thumb Code    24  stm32f10x_i2c.o(.text)
    I2C_GenerateSTART                        0x080008b7   Thumb Code    24  stm32f10x_i2c.o(.text)
    I2C_GenerateSTOP                         0x080008cf   Thumb Code    24  stm32f10x_i2c.o(.text)
    I2C_AcknowledgeConfig                    0x080008e7   Thumb Code    24  stm32f10x_i2c.o(.text)
    I2C_OwnAddress2Config                    0x080008ff   Thumb Code    22  stm32f10x_i2c.o(.text)
    I2C_DualAddressCmd                       0x08000915   Thumb Code    24  stm32f10x_i2c.o(.text)
    I2C_GeneralCallCmd                       0x0800092d   Thumb Code    24  stm32f10x_i2c.o(.text)
    I2C_ITConfig                             0x08000945   Thumb Code    18  stm32f10x_i2c.o(.text)
    I2C_SendData                             0x08000957   Thumb Code     4  stm32f10x_i2c.o(.text)
    I2C_ReceiveData                          0x0800095b   Thumb Code     8  stm32f10x_i2c.o(.text)
    I2C_Send7bitAddress                      0x08000963   Thumb Code    18  stm32f10x_i2c.o(.text)
    I2C_ReadRegister                         0x08000975   Thumb Code    22  stm32f10x_i2c.o(.text)
    I2C_SoftwareResetCmd                     0x0800098b   Thumb Code    22  stm32f10x_i2c.o(.text)
    I2C_NACKPositionConfig                   0x080009a1   Thumb Code    28  stm32f10x_i2c.o(.text)
    I2C_SMBusAlertConfig                     0x080009bd   Thumb Code    28  stm32f10x_i2c.o(.text)
    I2C_TransmitPEC                          0x080009d9   Thumb Code    24  stm32f10x_i2c.o(.text)
    I2C_PECPositionConfig                    0x080009f1   Thumb Code    28  stm32f10x_i2c.o(.text)
    I2C_CalculatePEC                         0x08000a0d   Thumb Code    24  stm32f10x_i2c.o(.text)
    I2C_GetPEC                               0x08000a25   Thumb Code     8  stm32f10x_i2c.o(.text)
    I2C_ARPCmd                               0x08000a2d   Thumb Code    24  stm32f10x_i2c.o(.text)
    I2C_StretchClockCmd                      0x08000a45   Thumb Code    24  stm32f10x_i2c.o(.text)
    I2C_FastModeDutyCycleConfig              0x08000a5d   Thumb Code    28  stm32f10x_i2c.o(.text)
    I2C_CheckEvent                           0x08000a79   Thumb Code    42  stm32f10x_i2c.o(.text)
    I2C_GetLastEvent                         0x08000aa3   Thumb Code    26  stm32f10x_i2c.o(.text)
    I2C_GetFlagStatus                        0x08000abd   Thumb Code    58  stm32f10x_i2c.o(.text)
    I2C_ClearFlag                            0x08000af7   Thumb Code    12  stm32f10x_i2c.o(.text)
    I2C_GetITStatus                          0x08000b03   Thumb Code    54  stm32f10x_i2c.o(.text)
    I2C_ClearITPendingBit                    0x08000b39   Thumb Code    12  stm32f10x_i2c.o(.text)
    RCC_DeInit                               0x08000b45   Thumb Code    64  stm32f10x_rcc.o(.text)
    RCC_HSEConfig                            0x08000b85   Thumb Code    70  stm32f10x_rcc.o(.text)
    RCC_GetFlagStatus                        0x08000bcb   Thumb Code    56  stm32f10x_rcc.o(.text)
    RCC_WaitForHSEStartUp                    0x08000c03   Thumb Code    56  stm32f10x_rcc.o(.text)
    RCC_AdjustHSICalibrationValue            0x08000c3b   Thumb Code    20  stm32f10x_rcc.o(.text)
    RCC_HSICmd                               0x08000c4f   Thumb Code     6  stm32f10x_rcc.o(.text)
    RCC_PLLConfig                            0x08000c55   Thumb Code    24  stm32f10x_rcc.o(.text)
    RCC_PLLCmd                               0x08000c6d   Thumb Code     6  stm32f10x_rcc.o(.text)
    RCC_SYSCLKConfig                         0x08000c73   Thumb Code    18  stm32f10x_rcc.o(.text)
    RCC_GetSYSCLKSource                      0x08000c85   Thumb Code    10  stm32f10x_rcc.o(.text)
    RCC_HCLKConfig                           0x08000c8f   Thumb Code    18  stm32f10x_rcc.o(.text)
    RCC_PCLK1Config                          0x08000ca1   Thumb Code    18  stm32f10x_rcc.o(.text)
    RCC_PCLK2Config                          0x08000cb3   Thumb Code    20  stm32f10x_rcc.o(.text)
    RCC_ITConfig                             0x08000cc7   Thumb Code    26  stm32f10x_rcc.o(.text)
    RCC_USBCLKConfig                         0x08000ce1   Thumb Code     8  stm32f10x_rcc.o(.text)
    RCC_ADCCLKConfig                         0x08000ce9   Thumb Code    18  stm32f10x_rcc.o(.text)
    RCC_LSEConfig                            0x08000cfb   Thumb Code    50  stm32f10x_rcc.o(.text)
    RCC_LSICmd                               0x08000d2d   Thumb Code     6  stm32f10x_rcc.o(.text)
    RCC_RTCCLKConfig                         0x08000d33   Thumb Code    12  stm32f10x_rcc.o(.text)
    RCC_RTCCLKCmd                            0x08000d3f   Thumb Code     8  stm32f10x_rcc.o(.text)
    RCC_GetClocksFreq                        0x08000d47   Thumb Code   192  stm32f10x_rcc.o(.text)
    RCC_AHBPeriphClockCmd                    0x08000e07   Thumb Code    26  stm32f10x_rcc.o(.text)
    RCC_APB2PeriphClockCmd                   0x08000e21   Thumb Code    26  stm32f10x_rcc.o(.text)
    RCC_APB1PeriphClockCmd                   0x08000e3b   Thumb Code    26  stm32f10x_rcc.o(.text)
    RCC_APB2PeriphResetCmd                   0x08000e55   Thumb Code    26  stm32f10x_rcc.o(.text)
    RCC_APB1PeriphResetCmd                   0x08000e6f   Thumb Code    26  stm32f10x_rcc.o(.text)
    RCC_BackupResetCmd                       0x08000e89   Thumb Code     8  stm32f10x_rcc.o(.text)
    RCC_ClockSecuritySystemCmd               0x08000e91   Thumb Code     6  stm32f10x_rcc.o(.text)
    RCC_MCOConfig                            0x08000e97   Thumb Code     6  stm32f10x_rcc.o(.text)
    RCC_ClearFlag                            0x08000e9d   Thumb Code    14  stm32f10x_rcc.o(.text)
    RCC_GetITStatus                          0x08000eab   Thumb Code    20  stm32f10x_rcc.o(.text)
    RCC_ClearITPendingBit                    0x08000ebf   Thumb Code     6  stm32f10x_rcc.o(.text)
    main                                     0x08000ee9   Thumb Code    24  main.o(.text)
    NMI_Handler                              0x08000f01   Thumb Code     2  stm32f10x_it.o(.text)
    HardFault_Handler                        0x08000f03   Thumb Code     4  stm32f10x_it.o(.text)
    MemManage_Handler                        0x08000f07   Thumb Code     4  stm32f10x_it.o(.text)
    BusFault_Handler                         0x08000f0b   Thumb Code     4  stm32f10x_it.o(.text)
    UsageFault_Handler                       0x08000f0f   Thumb Code     4  stm32f10x_it.o(.text)
    SVC_Handler                              0x08000f13   Thumb Code     2  stm32f10x_it.o(.text)
    DebugMon_Handler                         0x08000f15   Thumb Code     2  stm32f10x_it.o(.text)
    PendSV_Handler                           0x08000f17   Thumb Code     2  stm32f10x_it.o(.text)
    SysTick_Handler                          0x08000f19   Thumb Code    12  stm32f10x_it.o(.text)
    USART1_IRQHandler                        0x08000f25   Thumb Code     2  stm32f10x_it.o(.text)
    DelayInit                                0x08000f29   Thumb Code   116  delay.o(.text)
    DelayMs                                  0x08000f9d   Thumb Code    16  delay.o(.text)
    DelayS                                   0x08000fad   Thumb Code    26  delay.o(.text)
    TimingDelay_Decrement                    0x08000fc7   Thumb Code    18  delay.o(.text)
    DriverInit                               0x08000fe9   Thumb Code    12  oled_config.o(.text)
    UpdateScreenBuffer                       0x08000ff5   Thumb Code    10  oled_config.o(.text)
    UpdateTempBuffer                         0x08000fff   Thumb Code    10  oled_config.o(.text)
    OledTimeMsFunc                           0x08001009   Thumb Code    18  oled_config.o(.text)
    I2C_Configuration                        0x08001029   Thumb Code   116  oled_driver.o(.text)
    I2C_WriteByte                            0x0800109d   Thumb Code   126  oled_driver.o(.text)
    WriteCmd                                 0x0800111b   Thumb Code    14  oled_driver.o(.text)
    WriteDat                                 0x08001129   Thumb Code    14  oled_driver.o(.text)
    OLED_FILL                                0x08001137   Thumb Code   158  oled_driver.o(.text)
    OLED_CLS                                 0x080011d5   Thumb Code    56  oled_driver.o(.text)
    OLED_Init                                0x0800120d   Thumb Code   176  oled_driver.o(.text)
    OLED_ON                                  0x080012bd   Thumb Code    22  oled_driver.o(.text)
    OLED_OFF                                 0x080012d3   Thumb Code    22  oled_driver.o(.text)
    DrawPixel                                0x080012fd   Thumb Code    24  oled_draw.o(.text)
    GetPixel                                 0x08001315   Thumb Code    24  oled_draw.o(.text)
    MoveTo                                   0x0800132d   Thumb Code    10  oled_draw.o(.text)
    GetXY                                    0x08001337   Thumb Code    24  oled_draw.o(.text)
    GetX                                     0x0800134f   Thumb Code     6  oled_draw.o(.text)
    GetY                                     0x08001355   Thumb Code     6  oled_draw.o(.text)
    DrawLine                                 0x0800135b   Thumb Code   172  oled_draw.o(.text)
    LineTo                                   0x08001407   Thumb Code    32  oled_draw.o(.text)
    DrawFastHLine                            0x08001427   Thumb Code    66  oled_draw.o(.text)
    DrawFastVLine                            0x08001469   Thumb Code    66  oled_draw.o(.text)
    DrawPolyLineTo                           0x080014ab   Thumb Code    42  oled_draw.o(.text)
    DrawRect1                                0x080014d5   Thumb Code    64  oled_draw.o(.text)
    DrawFillRect1                            0x08001515   Thumb Code    44  oled_draw.o(.text)
    DrawRect2                                0x08001541   Thumb Code    80  oled_draw.o(.text)
    DrawFillRect2                            0x08001591   Thumb Code    40  oled_draw.o(.text)
    DrawCircle                               0x080015b9   Thumb Code   202  oled_draw.o(.text)
    DrawFillCircleHelper                     0x08001683   Thumb Code   166  oled_draw.o(.text)
    DrawFillCircle                           0x08001729   Thumb Code    40  oled_draw.o(.text)
    DrawCircleHelper                         0x08001751   Thumb Code   178  oled_draw.o(.text)
    DrawArc                                  0x08001803   Thumb Code   182  oled_draw.o(.text)
    DrawFillArc                              0x080018b9   Thumb Code     6  oled_draw.o(.text)
    DrawRoundRect                            0x080018bf   Thumb Code   156  oled_draw.o(.text)
    DrawfillRoundRect                        0x0800195b   Thumb Code    82  oled_draw.o(.text)
    DrawEllipse                              0x080019ad   Thumb Code   548  oled_draw.o(.text)
    DrawFillEllipse                          0x08001bd1   Thumb Code   394  oled_draw.o(.text)
    DrawEllipseRect                          0x08001d5b   Thumb Code   274  oled_draw.o(.text)
    DrawTriangle                             0x08001e6d   Thumb Code    56  oled_draw.o(.text)
    DrawFillTriangle                         0x08001ea5   Thumb Code   414  oled_draw.o(.text)
    DrawBitmap                               0x08002043   Thumb Code   530  oled_draw.o(.text)
    DrawSlowBitmap                           0x08002255   Thumb Code   130  oled_draw.o(.text)
    DrawChar                                 0x080022d7   Thumb Code   222  oled_draw.o(.text)
    DrawString                               0x080023b5   Thumb Code    92  oled_draw.o(.text)
    DrawNum                                  0x08002411   Thumb Code   126  oled_draw.o(.text)
    DrawFps                                  0x0800248f   Thumb Code     2  oled_draw.o(.text)
    InitGraph                                0x08002495   Thumb Code     8  oled_basic.o(.text)
    ClearScreen                              0x0800249d   Thumb Code    10  oled_basic.o(.text)
    UpdateScreen                             0x080024a7   Thumb Code     8  oled_basic.o(.text)
    FillByte                                 0x080024af   Thumb Code    66  oled_basic.o(.text)
    FillRect                                 0x080024f1   Thumb Code   264  oled_basic.o(.text)
    FillVerticalLine                         0x080025f9   Thumb Code   218  oled_basic.o(.text)
    mySqrt                                   0x080026d3   Thumb Code    66  oled_basic.o(.text)
    sqrt_16                                  0x08002715   Thumb Code    64  oled_basic.o(.text)
    SetAngle                                 0x080028d9   Thumb Code    62  oled_basic.o(.text)
    SetAnggleDir                             0x08002917   Thumb Code     6  oled_basic.o(.text)
    SetRotateCenter                          0x0800291d   Thumb Code     8  oled_basic.o(.text)
    SetRotateValue                           0x08002925   Thumb Code    36  oled_basic.o(.text)
    GetRotateXY                              0x08002949   Thumb Code   102  oled_basic.o(.text)
    FloodFill                                0x080029af   Thumb Code    98  oled_basic.o(.text)
    GetLengthUp                              0x08002a11   Thumb Code    48  oled_basic.o(.text)
    GetLengthDown                            0x08002a41   Thumb Code    50  oled_basic.o(.text)
    FloodFill2                               0x08002a73   Thumb Code   150  oled_basic.o(.text)
    pgm_read_byte                            0x08002b09   Thumb Code     6  oled_basic.o(.text)
    oled_pow                                 0x08002b0f   Thumb Code    22  oled_basic.o(.text)
    FrameRateUpdateScreen                    0x08002b25   Thumb Code    38  oled_basic.o(.text)
    WaitTimeMs                               0x08002b4b   Thumb Code    16  oled_basic.o(.text)
    UpdateScreenPiece                        0x08002b5b   Thumb Code     2  oled_basic.o(.text)
    SetDrawColor                             0x08002b61   Thumb Code     6  oled_color.o(.text)
    GetDrawColor                             0x08002b67   Thumb Code     6  oled_color.o(.text)
    SetFillcolor                             0x08002b6d   Thumb Code     6  oled_color.o(.text)
    GetFillColor                             0x08002b73   Thumb Code     6  oled_color.o(.text)
    SetTempBuffer                            0x08002b81   Thumb Code     8  oled_buffer.o(.text)
    SetScreenBuffer                          0x08002b89   Thumb Code     8  oled_buffer.o(.text)
    GetSelectedBuffer                        0x08002b91   Thumb Code     6  oled_buffer.o(.text)
    ReadByteBuffer                           0x08002b97   Thumb Code    28  oled_buffer.o(.text)
    WriteByteBuffer                          0x08002bb3   Thumb Code    26  oled_buffer.o(.text)
    SetPointBuffer                           0x08002bcd   Thumb Code   252  oled_buffer.o(.text)
    GetPointBuffer                           0x08002cc9   Thumb Code   102  oled_buffer.o(.text)
    UpdateScreenDisplay                      0x08002d2f   Thumb Code     8  oled_buffer.o(.text)
    ClearScreenBuffer                        0x08002d37   Thumb Code    18  oled_buffer.o(.text)
    ClearTempBuffer                          0x08002d49   Thumb Code    14  oled_buffer.o(.text)
    TempBufferFunc                           0x08002d57   Thumb Code   142  oled_buffer.o(.text)
    SetTextBkMode                            0x08002df1   Thumb Code     6  oled_font.o(.text)
    GetTextBkMode                            0x08002df7   Thumb Code     6  oled_font.o(.text)
    SetFontSize                              0x08002dfd   Thumb Code    10  oled_font.o(.text)
    GetFontSize                              0x08002e07   Thumb Code     6  oled_font.o(.text)
    ShowTest                                 0x08002e15   Thumb Code   352  test.o(.text)
    ShowWatch                                0x08002f75   Thumb Code    62  test.o(.text)
    ShowStars                                0x08002fb3   Thumb Code   474  test.o(.text)
    demo                                     0x0800318d   Thumb Code  1208  test.o(.text)
    ShowWave                                 0x08003645   Thumb Code     4  test.o(.text)
    ShowSnow                                 0x08003649   Thumb Code   360  test.o(.text)
    DrawDrawRectangle2rotate                 0x080037cd   Thumb Code   152  oled_draw_ex_example.o(.text)
    RoundClock                               0x08003865   Thumb Code   326  oled_draw_ex_example.o(.text)
    rand                                     0x080039ad   Thumb Code    20  rand.o(.text)
    srand                                    0x080039c1   Thumb Code     6  rand.o(.text)
    __aeabi_memcpy                           0x080039d1   Thumb Code    36  memcpya.o(.text)
    __aeabi_memcpy4                          0x080039d1   Thumb Code     0  memcpya.o(.text)
    __aeabi_memcpy8                          0x080039d1   Thumb Code     0  memcpya.o(.text)
    __aeabi_memset                           0x080039f5   Thumb Code    14  memseta.o(.text)
    __aeabi_memset4                          0x080039f5   Thumb Code     0  memseta.o(.text)
    __aeabi_memset8                          0x080039f5   Thumb Code     0  memseta.o(.text)
    __aeabi_memclr                           0x08003a03   Thumb Code     4  memseta.o(.text)
    __aeabi_memclr4                          0x08003a03   Thumb Code     0  memseta.o(.text)
    __aeabi_memclr8                          0x08003a03   Thumb Code     0  memseta.o(.text)
    _memset$wrapper                          0x08003a07   Thumb Code    18  memseta.o(.text)
    __aeabi_fadd                             0x08003a19   Thumb Code   164  fadd.o(.text)
    __aeabi_fsub                             0x08003abd   Thumb Code     6  fadd.o(.text)
    __aeabi_frsub                            0x08003ac3   Thumb Code     6  fadd.o(.text)
    __aeabi_fdiv                             0x08003ac9   Thumb Code   124  fdiv.o(.text)
    __aeabi_dadd                             0x08003b45   Thumb Code   322  dadd.o(.text)
    __aeabi_dsub                             0x08003c87   Thumb Code     6  dadd.o(.text)
    __aeabi_drsub                            0x08003c8d   Thumb Code     6  dadd.o(.text)
    __aeabi_dmul                             0x08003c93   Thumb Code   228  dmul.o(.text)
    __aeabi_ddiv                             0x08003d77   Thumb Code   222  ddiv.o(.text)
    __aeabi_i2f                              0x08003e55   Thumb Code    18  fflti.o(.text)
    __aeabi_i2d                              0x08003e67   Thumb Code    34  dflti.o(.text)
    __aeabi_ui2d                             0x08003e89   Thumb Code    26  dfltui.o(.text)
    __aeabi_d2iz                             0x08003ea3   Thumb Code    62  dfixi.o(.text)
    __aeabi_f2d                              0x08003ee1   Thumb Code    38  f2d.o(.text)
    __aeabi_d2f                              0x08003f07   Thumb Code    56  d2f.o(.text)
    __aeabi_cfcmpeq                          0x08003f41   Thumb Code     0  cfcmple.o(.text)
    __aeabi_cfcmple                          0x08003f41   Thumb Code    20  cfcmple.o(.text)
    __aeabi_cfrcmple                         0x08003f55   Thumb Code    20  cfrcmple.o(.text)
    __aeabi_llsl                             0x08003f69   Thumb Code    30  llshl.o(.text)
    _ll_shift_l                              0x08003f69   Thumb Code     0  llshl.o(.text)
    __aeabi_llsr                             0x08003f87   Thumb Code    32  llushr.o(.text)
    _ll_ushift_r                             0x08003f87   Thumb Code     0  llushr.o(.text)
    __aeabi_lasr                             0x08003fa7   Thumb Code    36  llsshr.o(.text)
    _ll_sshift_r                             0x08003fa7   Thumb Code     0  llsshr.o(.text)
    __I$use$fp                               0x08003fcb   Thumb Code     0  iusefp.o(.text)
    _float_round                             0x08003fcb   Thumb Code    18  fepilogue.o(.text)
    _float_epilogue                          0x08003fdd   Thumb Code    92  fepilogue.o(.text)
    _double_round                            0x08004039   Thumb Code    30  depilogue.o(.text)
    _double_epilogue                         0x08004057   Thumb Code   156  depilogue.o(.text)
    __aeabi_cdcmpeq                          0x080040f5   Thumb Code     0  cdcmple.o(.text)
    __aeabi_cdcmple                          0x080040f5   Thumb Code    48  cdcmple.o(.text)
    __scatterload                            0x08004125   Thumb Code    28  init.o(.text)
    __scatterload_rt2                        0x08004125   Thumb Code     0  init.o(.text)
    __ARM_scalbn                             0x08004149   Thumb Code    46  dscalb.o(.text)
    scalbn                                   0x08004149   Thumb Code     0  dscalb.o(.text)
    __ARM_fpclassify                         0x08004177   Thumb Code    40  fpclassify.o(i.__ARM_fpclassify)
    __ieee754_rem_pio2                       0x080041a1   Thumb Code   828  rred.o(i.__ieee754_rem_pio2)
    __kernel_cos                             0x08004529   Thumb Code   230  cos_i.o(i.__kernel_cos)
    __kernel_poly                            0x08004625   Thumb Code   170  poly.o(i.__kernel_poly)
    __kernel_sin                             0x080046d1   Thumb Code   224  sin_i.o(i.__kernel_sin)
    __mathlib_dbl_infnan                     0x080047bd   Thumb Code     6  dunder.o(i.__mathlib_dbl_infnan)
    __mathlib_dbl_infnan2                    0x080047c3   Thumb Code     4  dunder.o(i.__mathlib_dbl_infnan2)
    __mathlib_dbl_invalid                    0x080047c7   Thumb Code    12  dunder.o(i.__mathlib_dbl_invalid)
    __mathlib_dbl_underflow                  0x080047d5   Thumb Code    10  dunder.o(i.__mathlib_dbl_underflow)
    __scatterload_copy                       0x080047e5   Thumb Code    14  handlers.o(i.__scatterload_copy)
    __scatterload_null                       0x080047f3   Thumb Code     2  handlers.o(i.__scatterload_null)
    __scatterload_zeroinit                   0x080047f5   Thumb Code    14  handlers.o(i.__scatterload_zeroinit)
    __set_errno                              0x08004805   Thumb Code     6  errno.o(i.__set_errno)
    atan                                     0x08004811   Thumb Code   474  atan.o(i.atan)
    atan2                                    0x08004a31   Thumb Code   374  atan2.o(i.atan2)
    cos                                      0x08004bcd   Thumb Code   148  cos.o(i.cos)
    sin                                      0x08004c69   Thumb Code   150  sin.o(i.sin)
    font5x7                                  0x08004d08   Data        1280  oled_font.o(.constdata)
    F6x8                                     0x08005208   Data         552  oled_font.o(.constdata)
    F8X16                                    0x08005430   Data        1520  oled_font.o(.constdata)
    BmpTest1                                 0x08005a20   Data          32  oled_bmp.o(.constdata)
    BmpTest2                                 0x08005a40   Data         128  oled_bmp.o(.constdata)
    BmpTest3                                 0x08005ac0   Data         512  oled_bmp.o(.constdata)
    DZTBGZ                                   0x08005cc0   Data         640  oled_bmp.o(.constdata)
    TempLogo                                 0x08005f40   Data        1024  oled_bmp.o(.constdata)
    __mathlib_zero                           0x08006408   Data           8  qnan.o(.constdata)
    Region$$Table$$Base                      0x08006500   Number         0  anon$$obj.o(Region$$Table)
    Region$$Table$$Limit                     0x08006520   Number         0  anon$$obj.o(Region$$Table)
    SystemCoreClock                          0x20000000   Data           4  system_stm32f10x.o(.data)
    AHBPrescTable                            0x20000004   Data          16  system_stm32f10x.o(.data)
    OledTimeMs                               0x2000002c   Data           4  oled_config.o(.data)
    _RoateValue                              0x20000038   Data          16  oled_basic.o(.data)
    ScreenBuffer                             0x20000060   Data        1024  oled_buffer.o(.bss)
    TempBuffer                               0x20000460   Data        1024  oled_buffer.o(.bss)
    __initial_sp                             0x20000c60   Data           0  startup_stm32f10x_md.o(STACK)



==============================================================================

Memory Map of the image

  Image Entry point : 0x080000ed

  Load Region LR_IROM1 (Base: 0x08000000, Size: 0x00006580, Max: 0x00010000, ABSOLUTE)

    Execution Region ER_IROM1 (Exec base: 0x08000000, Load base: 0x08000000, Size: 0x00006520, Max: 0x00010000, ABSOLUTE)

    Exec Addr    Load Addr    Size         Type   Attr      Idx    E Section Name        Object

    0x08000000   0x08000000   0x000000ec   Data   RO            3    RESET               startup_stm32f10x_md.o
    0x080000ec   0x080000ec   0x00000000   Code   RO          719  * .ARM.Collect$$$$00000000  mc_w.l(entry.o)
    0x080000ec   0x080000ec   0x00000004   Code   RO          798    .ARM.Collect$$$$00000001  mc_w.l(entry2.o)
    0x080000f0   0x080000f0   0x00000004   Code   RO          801    .ARM.Collect$$$$00000004  mc_w.l(entry5.o)
    0x080000f4   0x080000f4   0x00000000   Code   RO          803    .ARM.Collect$$$$00000008  mc_w.l(entry7b.o)
    0x080000f4   0x080000f4   0x00000000   Code   RO          805    .ARM.Collect$$$$0000000A  mc_w.l(entry8b.o)
    0x080000f4   0x080000f4   0x00000008   Code   RO          806    .ARM.Collect$$$$0000000B  mc_w.l(entry9a.o)
    0x080000fc   0x080000fc   0x00000004   Code   RO          813    .ARM.Collect$$$$0000000E  mc_w.l(entry12b.o)
    0x08000100   0x08000100   0x00000000   Code   RO          808    .ARM.Collect$$$$0000000F  mc_w.l(entry10a.o)
    0x08000100   0x08000100   0x00000000   Code   RO          810    .ARM.Collect$$$$00000011  mc_w.l(entry11a.o)
    0x08000100   0x08000100   0x00000004   Code   RO          799    .ARM.Collect$$$$00002712  mc_w.l(entry2.o)
    0x08000104   0x08000104   0x00000024   Code   RO            4    .text               startup_stm32f10x_md.o
    0x08000128   0x08000128   0x000001e0   Code   RO           24    .text               system_stm32f10x.o
    0x08000308   0x08000308   0x000000dc   Code   RO          121    .text               misc.o
    0x080003e4   0x080003e4   0x0000035c   Code   RO          269    .text               stm32f10x_gpio.o
    0x08000740   0x08000740   0x00000404   Code   RO          281    .text               stm32f10x_i2c.o
    0x08000b44   0x08000b44   0x000003a4   Code   RO          317    .text               stm32f10x_rcc.o
    0x08000ee8   0x08000ee8   0x00000018   Code   RO          403    .text               main.o
    0x08000f00   0x08000f00   0x00000026   Code   RO          460    .text               stm32f10x_it.o
    0x08000f26   0x08000f26   0x00000002   PAD
    0x08000f28   0x08000f28   0x000000c0   Code   RO          475    .text               delay.o
    0x08000fe8   0x08000fe8   0x00000040   Code   RO          505    .text               oled_config.o
    0x08001028   0x08001028   0x000002d4   Code   RO          521    .text               oled_driver.o
    0x080012fc   0x080012fc   0x00001198   Code   RO          533    .text               oled_draw.o
    0x08002494   0x08002494   0x000006cc   Code   RO          555    .text               oled_basic.o
    0x08002b60   0x08002b60   0x00000020   Code   RO          571    .text               oled_color.o
    0x08002b80   0x08002b80   0x00000270   Code   RO          585    .text               oled_buffer.o
    0x08002df0   0x08002df0   0x00000024   Code   RO          604    .text               oled_font.o
    0x08002e14   0x08002e14   0x000009b8   Code   RO          655    .text               test.o
    0x080037cc   0x080037cc   0x000001de   Code   RO          674    .text               oled_draw_ex_example.o
    0x080039aa   0x080039aa   0x00000002   PAD
    0x080039ac   0x080039ac   0x00000024   Code   RO          722    .text               mc_w.l(rand.o)
    0x080039d0   0x080039d0   0x00000024   Code   RO          725    .text               mc_w.l(memcpya.o)
    0x080039f4   0x080039f4   0x00000024   Code   RO          727    .text               mc_w.l(memseta.o)
    0x08003a18   0x08003a18   0x000000b0   Code   RO          733    .text               mf_w.l(fadd.o)
    0x08003ac8   0x08003ac8   0x0000007c   Code   RO          735    .text               mf_w.l(fdiv.o)
    0x08003b44   0x08003b44   0x0000014e   Code   RO          737    .text               mf_w.l(dadd.o)
    0x08003c92   0x08003c92   0x000000e4   Code   RO          739    .text               mf_w.l(dmul.o)
    0x08003d76   0x08003d76   0x000000de   Code   RO          741    .text               mf_w.l(ddiv.o)
    0x08003e54   0x08003e54   0x00000012   Code   RO          743    .text               mf_w.l(fflti.o)
    0x08003e66   0x08003e66   0x00000022   Code   RO          745    .text               mf_w.l(dflti.o)
    0x08003e88   0x08003e88   0x0000001a   Code   RO          747    .text               mf_w.l(dfltui.o)
    0x08003ea2   0x08003ea2   0x0000003e   Code   RO          749    .text               mf_w.l(dfixi.o)
    0x08003ee0   0x08003ee0   0x00000026   Code   RO          751    .text               mf_w.l(f2d.o)
    0x08003f06   0x08003f06   0x00000038   Code   RO          753    .text               mf_w.l(d2f.o)
    0x08003f3e   0x08003f3e   0x00000002   PAD
    0x08003f40   0x08003f40   0x00000014   Code   RO          755    .text               mf_w.l(cfcmple.o)
    0x08003f54   0x08003f54   0x00000014   Code   RO          757    .text               mf_w.l(cfrcmple.o)
    0x08003f68   0x08003f68   0x0000001e   Code   RO          814    .text               mc_w.l(llshl.o)
    0x08003f86   0x08003f86   0x00000020   Code   RO          816    .text               mc_w.l(llushr.o)
    0x08003fa6   0x08003fa6   0x00000024   Code   RO          818    .text               mc_w.l(llsshr.o)
    0x08003fca   0x08003fca   0x00000000   Code   RO          827    .text               mc_w.l(iusefp.o)
    0x08003fca   0x08003fca   0x0000006e   Code   RO          828    .text               mf_w.l(fepilogue.o)
    0x08004038   0x08004038   0x000000ba   Code   RO          830    .text               mf_w.l(depilogue.o)
    0x080040f2   0x080040f2   0x00000002   PAD
    0x080040f4   0x080040f4   0x00000030   Code   RO          832    .text               mf_w.l(cdcmple.o)
    0x08004124   0x08004124   0x00000024   Code   RO          838    .text               mc_w.l(init.o)
    0x08004148   0x08004148   0x0000002e   Code   RO          840    .text               mf_w.l(dscalb.o)
    0x08004176   0x08004176   0x00000028   Code   RO          834    i.__ARM_fpclassify  m_ws.l(fpclassify.o)
    0x0800419e   0x0800419e   0x00000002   PAD
    0x080041a0   0x080041a0   0x00000388   Code   RO          787    i.__ieee754_rem_pio2  m_ws.l(rred.o)
    0x08004528   0x08004528   0x000000fc   Code   RO          769    i.__kernel_cos      m_ws.l(cos_i.o)
    0x08004624   0x08004624   0x000000aa   Code   RO          836    i.__kernel_poly     m_ws.l(poly.o)
    0x080046ce   0x080046ce   0x00000002   PAD
    0x080046d0   0x080046d0   0x000000ec   Code   RO          792    i.__kernel_sin      m_ws.l(sin_i.o)
    0x080047bc   0x080047bc   0x00000006   Code   RO          773    i.__mathlib_dbl_infnan  m_ws.l(dunder.o)
    0x080047c2   0x080047c2   0x00000004   Code   RO          774    i.__mathlib_dbl_infnan2  m_ws.l(dunder.o)
    0x080047c6   0x080047c6   0x0000000c   Code   RO          775    i.__mathlib_dbl_invalid  m_ws.l(dunder.o)
    0x080047d2   0x080047d2   0x00000002   PAD
    0x080047d4   0x080047d4   0x00000010   Code   RO          778    i.__mathlib_dbl_underflow  m_ws.l(dunder.o)
    0x080047e4   0x080047e4   0x0000000e   Code   RO          844    i.__scatterload_copy  mc_w.l(handlers.o)
    0x080047f2   0x080047f2   0x00000002   Code   RO          845    i.__scatterload_null  mc_w.l(handlers.o)
    0x080047f4   0x080047f4   0x0000000e   Code   RO          846    i.__scatterload_zeroinit  mc_w.l(handlers.o)
    0x08004802   0x08004802   0x00000002   PAD
    0x08004804   0x08004804   0x0000000c   Code   RO          822    i.__set_errno       mc_w.l(errno.o)
    0x08004810   0x08004810   0x00000220   Code   RO          760    i.atan              m_ws.l(atan.o)
    0x08004a30   0x08004a30   0x0000019c   Code   RO          696    i.atan2             m_ws.l(atan2.o)
    0x08004bcc   0x08004bcc   0x0000009c   Code   RO          704    i.cos               m_ws.l(cos.o)
    0x08004c68   0x08004c68   0x000000a0   Code   RO          712    i.sin               m_ws.l(sin.o)
    0x08004d08   0x08004d08   0x00000d18   Data   RO          605    .constdata          oled_font.o
    0x08005a20   0x08005a20   0x00000920   Data   RO          623    .constdata          oled_bmp.o
    0x08006340   0x08006340   0x00000098   Data   RO          761    .constdata          m_ws.l(atan.o)
    0x080063d8   0x080063d8   0x00000030   Data   RO          770    .constdata          m_ws.l(cos_i.o)
    0x08006408   0x08006408   0x00000008   Data   RO          786    .constdata          m_ws.l(qnan.o)
    0x08006410   0x08006410   0x000000c8   Data   RO          789    .constdata          m_ws.l(rred.o)
    0x080064d8   0x080064d8   0x00000028   Data   RO          793    .constdata          m_ws.l(sin_i.o)
    0x08006500   0x08006500   0x00000020   Data   RO          842    Region$$Table       anon$$obj.o


    Execution Region RW_IRAM1 (Exec base: 0x20000000, Load base: 0x08006520, Size: 0x00000c60, Max: 0x00005000, ABSOLUTE)

    Exec Addr    Load Addr    Size         Type   Attr      Idx    E Section Name        Object

    0x20000000   0x08006520   0x00000014   Data   RW           25    .data               system_stm32f10x.o
    0x20000014   0x08006534   0x00000014   Data   RW          318    .data               stm32f10x_rcc.o
    0x20000028   0x08006548   0x00000004   Data   RW          476    .data               delay.o
    0x2000002c   0x0800654c   0x00000004   Data   RW          506    .data               oled_config.o
    0x20000030   0x08006550   0x00000008   Data   RW          534    .data               oled_draw.o
    0x20000038   0x08006558   0x00000018   Data   RW          556    .data               oled_basic.o
    0x20000050   0x08006570   0x00000002   Data   RW          572    .data               oled_color.o
    0x20000052   0x08006572   0x00000001   Data   RW          587    .data               oled_buffer.o
    0x20000053   0x08006573   0x00000002   Data   RW          606    .data               oled_font.o
    0x20000055   0x08006575   0x00000003   PAD
    0x20000058   0x08006578   0x00000004   Data   RW          723    .data               mc_w.l(rand.o)
    0x2000005c   0x0800657c   0x00000004   Data   RW          823    .data               mc_w.l(errno.o)
    0x20000060        -       0x00000800   Zero   RW          586    .bss                oled_buffer.o
    0x20000860        -       0x00000400   Zero   RW            1    STACK               startup_stm32f10x_md.o


==============================================================================

Image component sizes


      Code (inc. data)   RO Data    RW Data    ZI Data      Debug   Object Name

         0          0          0          0          0       4532   core_cm3.o
       192         16          0          4          0      16796   delay.o
        24          0          0          0          0       1483   main.o
       220         22          0          0          0       1769   misc.o
      1740         32          0         24          0       7592   oled_basic.o
         0          0       2336          0          0        705   oled_bmp.o
       624         12          0          1       2048       3334   oled_buffer.o
        32          8          0          2          0       1082   oled_color.o
        64         14          0          4          0       1097   oled_config.o
      4504         24          0          8          0      15378   oled_draw.o
       478          0          0          0          0       1338   oled_draw_ex_example.o
       724         20          0          0          0       2142   oled_driver.o
        36          8       3352          2          0       1887   oled_font.o
        36          8        236          0       1024        860   startup_stm32f10x_md.o
       860         38          0          0          0       5701   stm32f10x_gpio.o
      1028         16          0          0          0       9191   stm32f10x_i2c.o
        38          0          0          0          0       1388   stm32f10x_it.o
       932         36          0         20          0       8864   stm32f10x_rcc.o
       480         38          0         20          0     230323   system_stm32f10x.o
      2488         50          0          0          0       3154   test.o

    ----------------------------------------------------------------------
     14504        342       5956         88       3072     318616   Object Totals
         0          0         32          0          0          0   (incl. Generated)
         4          0          0          3          0          0   (incl. Padding)

    ----------------------------------------------------------------------

      Code (inc. data)   RO Data    RW Data    ZI Data      Debug   Library Member Name

       544         70        152          0          0        124   atan.o
       412         38          0          0          0        144   atan2.o
       156          8          0          0          0        104   cos.o
       252         22         48          0          0        124   cos_i.o
        38          6          0          0          0        272   dunder.o
        40          0          0          0          0         68   fpclassify.o
       170          0          0          0          0         96   poly.o
         0          0          8          0          0          0   qnan.o
       904         76        200          0          0        140   rred.o
       160         10          0          0          0        108   sin.o
       236         12         40          0          0        128   sin_i.o
         0          0          0          0          0          0   entry.o
         0          0          0          0          0          0   entry10a.o
         0          0          0          0          0          0   entry11a.o
         4          0          0          0          0          0   entry12b.o
         8          4          0          0          0          0   entry2.o
         4          0          0          0          0          0   entry5.o
         0          0          0          0          0          0   entry7b.o
         0          0          0          0          0          0   entry8b.o
         8          4          0          0          0          0   entry9a.o
        12          6          0          4          0         68   errno.o
        30          0          0          0          0          0   handlers.o
        36          8          0          0          0         68   init.o
         0          0          0          0          0          0   iusefp.o
        30          0          0          0          0         68   llshl.o
        36          0          0          0          0         68   llsshr.o
        32          0          0          0          0         68   llushr.o
        36          0          0          0          0         68   memcpya.o
        36          0          0          0          0        108   memseta.o
        36         10          0          4          0        136   rand.o
        48          0          0          0          0         68   cdcmple.o
        20          0          0          0          0         68   cfcmple.o
        20          0          0          0          0         68   cfrcmple.o
        56          0          0          0          0         88   d2f.o
       334          0          0          0          0        148   dadd.o
       222          0          0          0          0        100   ddiv.o
       186          0          0          0          0        176   depilogue.o
        62          0          0          0          0         80   dfixi.o
        34          0          0          0          0         76   dflti.o
        26          0          0          0          0         76   dfltui.o
       228          0          0          0          0         96   dmul.o
        46          0          0          0          0         80   dscalb.o
        38          0          0          0          0         68   f2d.o
       176          0          0          0          0        140   fadd.o
       124          0          0          0          0         88   fdiv.o
       110          0          0          0          0        168   fepilogue.o
        18          0          0          0          0         68   fflti.o

    ----------------------------------------------------------------------
      4980        274        448          8          0       3616   Library Totals
        12          0          0          0          0          0   (incl. Padding)

    ----------------------------------------------------------------------

      Code (inc. data)   RO Data    RW Data    ZI Data      Debug   Library Name

      2912        242        448          0          0       1308   m_ws.l
       308         32          0          8          0        652   mc_w.l
      1748          0          0          0          0       1656   mf_w.l

    ----------------------------------------------------------------------
      4980        274        448          8          0       3616   Library Totals

    ----------------------------------------------------------------------

==============================================================================


      Code (inc. data)   RO Data    RW Data    ZI Data      Debug   

     19484        616       6404         96       3072     318692   Grand Totals
     19484        616       6404         96       3072     318692   ELF Image Totals
     19484        616       6404         96          0          0   ROM Totals

==============================================================================

    Total RO  Size (Code + RO Data)                25888 (  25.28kB)
    Total RW  Size (RW Data + ZI Data)              3168 (   3.09kB)
    Total ROM Size (Code + RO Data + RW Data)      25984 (  25.38kB)

==============================================================================

